Archive member included to satisfy reference by file (symbol)

C:/PROGRA~2/ARMGNU~1/14EFD8~1.2RE/bin/../lib/gcc/arm-none-eabi/14.2.1/thumb/v7-m/nofp\libc_nano.a(libc_a-memset.o)
                              CMakeFiles/HW04_GPIO.dir/Src/main.c.obj (memset)
C:/PROGRA~2/ARMGNU~1/14EFD8~1.2RE/bin/../lib/gcc/arm-none-eabi/14.2.1/thumb/v7-m/nofp\libc_nano.a(libc_a-init.o)
                              CMakeFiles/HW04_GPIO.dir/startup_stm32f103xb.s.obj (__libc_init_array)

Discarded input sections

 .text          0x00000000       0x14 CMakeFiles/HW04_GPIO.dir/startup_stm32f103xb.s.obj
 .data          0x00000000        0x0 CMakeFiles/HW04_GPIO.dir/startup_stm32f103xb.s.obj
 .bss           0x00000000        0x0 CMakeFiles/HW04_GPIO.dir/startup_stm32f103xb.s.obj
 .group         0x00000000        0xc CMakeFiles/HW04_GPIO.dir/Src/main.c.obj
 .group         0x00000000        0xc CMakeFiles/HW04_GPIO.dir/Src/main.c.obj
 .group         0x00000000        0xc CMakeFiles/HW04_GPIO.dir/Src/main.c.obj
 .group         0x00000000        0xc CMakeFiles/HW04_GPIO.dir/Src/main.c.obj
 .group         0x00000000        0xc CMakeFiles/HW04_GPIO.dir/Src/main.c.obj
 .group         0x00000000        0xc CMakeFiles/HW04_GPIO.dir/Src/main.c.obj
 .group         0x00000000        0xc CMakeFiles/HW04_GPIO.dir/Src/main.c.obj
 .group         0x00000000        0xc CMakeFiles/HW04_GPIO.dir/Src/main.c.obj
 .group         0x00000000        0xc CMakeFiles/HW04_GPIO.dir/Src/main.c.obj
 .group         0x00000000        0xc CMakeFiles/HW04_GPIO.dir/Src/main.c.obj
 .group         0x00000000        0xc CMakeFiles/HW04_GPIO.dir/Src/main.c.obj
 .group         0x00000000        0xc CMakeFiles/HW04_GPIO.dir/Src/main.c.obj
 .group         0x00000000        0xc CMakeFiles/HW04_GPIO.dir/Src/main.c.obj
 .group         0x00000000        0xc CMakeFiles/HW04_GPIO.dir/Src/main.c.obj
 .group         0x00000000        0xc CMakeFiles/HW04_GPIO.dir/Src/main.c.obj
 .group         0x00000000        0xc CMakeFiles/HW04_GPIO.dir/Src/main.c.obj
 .group         0x00000000        0xc CMakeFiles/HW04_GPIO.dir/Src/main.c.obj
 .group         0x00000000        0xc CMakeFiles/HW04_GPIO.dir/Src/main.c.obj
 .group         0x00000000        0xc CMakeFiles/HW04_GPIO.dir/Src/main.c.obj
 .group         0x00000000        0xc CMakeFiles/HW04_GPIO.dir/Src/main.c.obj
 .group         0x00000000        0xc CMakeFiles/HW04_GPIO.dir/Src/main.c.obj
 .group         0x00000000        0xc CMakeFiles/HW04_GPIO.dir/Src/main.c.obj
 .group         0x00000000        0xc CMakeFiles/HW04_GPIO.dir/Src/main.c.obj
 .group         0x00000000        0xc CMakeFiles/HW04_GPIO.dir/Src/main.c.obj
 .group         0x00000000        0xc CMakeFiles/HW04_GPIO.dir/Src/main.c.obj
 .group         0x00000000        0xc CMakeFiles/HW04_GPIO.dir/Src/main.c.obj
 .group         0x00000000        0xc CMakeFiles/HW04_GPIO.dir/Src/main.c.obj
 .group         0x00000000        0xc CMakeFiles/HW04_GPIO.dir/Src/main.c.obj
 .group         0x00000000        0xc CMakeFiles/HW04_GPIO.dir/Src/main.c.obj
 .group         0x00000000        0xc CMakeFiles/HW04_GPIO.dir/Src/main.c.obj
 .group         0x00000000        0xc CMakeFiles/HW04_GPIO.dir/Src/main.c.obj
 .group         0x00000000        0xc CMakeFiles/HW04_GPIO.dir/Src/main.c.obj
 .group         0x00000000        0xc CMakeFiles/HW04_GPIO.dir/Src/main.c.obj
 .group         0x00000000        0xc CMakeFiles/HW04_GPIO.dir/Src/main.c.obj
 .group         0x00000000        0xc CMakeFiles/HW04_GPIO.dir/Src/main.c.obj
 .group         0x00000000        0xc CMakeFiles/HW04_GPIO.dir/Src/main.c.obj
 .group         0x00000000        0xc CMakeFiles/HW04_GPIO.dir/Src/main.c.obj
 .group         0x00000000        0xc CMakeFiles/HW04_GPIO.dir/Src/main.c.obj
 .group         0x00000000        0xc CMakeFiles/HW04_GPIO.dir/Src/main.c.obj
 .group         0x00000000        0xc CMakeFiles/HW04_GPIO.dir/Src/main.c.obj
 .group         0x00000000        0xc CMakeFiles/HW04_GPIO.dir/Src/main.c.obj
 .group         0x00000000        0xc CMakeFiles/HW04_GPIO.dir/Src/main.c.obj
 .group         0x00000000        0xc CMakeFiles/HW04_GPIO.dir/Src/main.c.obj
 .group         0x00000000        0xc CMakeFiles/HW04_GPIO.dir/Src/main.c.obj
 .group         0x00000000        0xc CMakeFiles/HW04_GPIO.dir/Src/main.c.obj
 .group         0x00000000        0xc CMakeFiles/HW04_GPIO.dir/Src/main.c.obj
 .group         0x00000000        0xc CMakeFiles/HW04_GPIO.dir/Src/main.c.obj
 .group         0x00000000        0xc CMakeFiles/HW04_GPIO.dir/Src/main.c.obj
 .group         0x00000000        0xc CMakeFiles/HW04_GPIO.dir/Src/main.c.obj
 .group         0x00000000        0xc CMakeFiles/HW04_GPIO.dir/Src/main.c.obj
 .group         0x00000000        0xc CMakeFiles/HW04_GPIO.dir/Src/main.c.obj
 .text          0x00000000        0x0 CMakeFiles/HW04_GPIO.dir/Src/main.c.obj
 .data          0x00000000        0x0 CMakeFiles/HW04_GPIO.dir/Src/main.c.obj
 .bss           0x00000000        0x0 CMakeFiles/HW04_GPIO.dir/Src/main.c.obj
 .group         0x00000000        0xc CMakeFiles/HW04_GPIO.dir/Src/stm32f1xx_hal.c.obj
 .group         0x00000000        0xc CMakeFiles/HW04_GPIO.dir/Src/stm32f1xx_hal.c.obj
 .group         0x00000000        0xc CMakeFiles/HW04_GPIO.dir/Src/stm32f1xx_hal.c.obj
 .group         0x00000000        0xc CMakeFiles/HW04_GPIO.dir/Src/stm32f1xx_hal.c.obj
 .group         0x00000000        0xc CMakeFiles/HW04_GPIO.dir/Src/stm32f1xx_hal.c.obj
 .group         0x00000000        0xc CMakeFiles/HW04_GPIO.dir/Src/stm32f1xx_hal.c.obj
 .group         0x00000000        0xc CMakeFiles/HW04_GPIO.dir/Src/stm32f1xx_hal.c.obj
 .group         0x00000000        0xc CMakeFiles/HW04_GPIO.dir/Src/stm32f1xx_hal.c.obj
 .group         0x00000000        0xc CMakeFiles/HW04_GPIO.dir/Src/stm32f1xx_hal.c.obj
 .group         0x00000000        0xc CMakeFiles/HW04_GPIO.dir/Src/stm32f1xx_hal.c.obj
 .group         0x00000000        0xc CMakeFiles/HW04_GPIO.dir/Src/stm32f1xx_hal.c.obj
 .group         0x00000000        0xc CMakeFiles/HW04_GPIO.dir/Src/stm32f1xx_hal.c.obj
 .group         0x00000000        0xc CMakeFiles/HW04_GPIO.dir/Src/stm32f1xx_hal.c.obj
 .group         0x00000000        0xc CMakeFiles/HW04_GPIO.dir/Src/stm32f1xx_hal.c.obj
 .group         0x00000000        0xc CMakeFiles/HW04_GPIO.dir/Src/stm32f1xx_hal.c.obj
 .group         0x00000000        0xc CMakeFiles/HW04_GPIO.dir/Src/stm32f1xx_hal.c.obj
 .group         0x00000000        0xc CMakeFiles/HW04_GPIO.dir/Src/stm32f1xx_hal.c.obj
 .group         0x00000000        0xc CMakeFiles/HW04_GPIO.dir/Src/stm32f1xx_hal.c.obj
 .group         0x00000000        0xc CMakeFiles/HW04_GPIO.dir/Src/stm32f1xx_hal.c.obj
 .group         0x00000000        0xc CMakeFiles/HW04_GPIO.dir/Src/stm32f1xx_hal.c.obj
 .group         0x00000000        0xc CMakeFiles/HW04_GPIO.dir/Src/stm32f1xx_hal.c.obj
 .group         0x00000000        0xc CMakeFiles/HW04_GPIO.dir/Src/stm32f1xx_hal.c.obj
 .group         0x00000000        0xc CMakeFiles/HW04_GPIO.dir/Src/stm32f1xx_hal.c.obj
 .group         0x00000000        0xc CMakeFiles/HW04_GPIO.dir/Src/stm32f1xx_hal.c.obj
 .group         0x00000000        0xc CMakeFiles/HW04_GPIO.dir/Src/stm32f1xx_hal.c.obj
 .group         0x00000000        0xc CMakeFiles/HW04_GPIO.dir/Src/stm32f1xx_hal.c.obj
 .group         0x00000000        0xc CMakeFiles/HW04_GPIO.dir/Src/stm32f1xx_hal.c.obj
 .group         0x00000000        0xc CMakeFiles/HW04_GPIO.dir/Src/stm32f1xx_hal.c.obj
 .group         0x00000000        0xc CMakeFiles/HW04_GPIO.dir/Src/stm32f1xx_hal.c.obj
 .group         0x00000000        0xc CMakeFiles/HW04_GPIO.dir/Src/stm32f1xx_hal.c.obj
 .group         0x00000000        0xc CMakeFiles/HW04_GPIO.dir/Src/stm32f1xx_hal.c.obj
 .group         0x00000000        0xc CMakeFiles/HW04_GPIO.dir/Src/stm32f1xx_hal.c.obj
 .group         0x00000000        0xc CMakeFiles/HW04_GPIO.dir/Src/stm32f1xx_hal.c.obj
 .group         0x00000000        0xc CMakeFiles/HW04_GPIO.dir/Src/stm32f1xx_hal.c.obj
 .group         0x00000000        0xc CMakeFiles/HW04_GPIO.dir/Src/stm32f1xx_hal.c.obj
 .group         0x00000000        0xc CMakeFiles/HW04_GPIO.dir/Src/stm32f1xx_hal.c.obj
 .group         0x00000000        0xc CMakeFiles/HW04_GPIO.dir/Src/stm32f1xx_hal.c.obj
 .group         0x00000000        0xc CMakeFiles/HW04_GPIO.dir/Src/stm32f1xx_hal.c.obj
 .group         0x00000000        0xc CMakeFiles/HW04_GPIO.dir/Src/stm32f1xx_hal.c.obj
 .group         0x00000000        0xc CMakeFiles/HW04_GPIO.dir/Src/stm32f1xx_hal.c.obj
 .group         0x00000000        0xc CMakeFiles/HW04_GPIO.dir/Src/stm32f1xx_hal.c.obj
 .group         0x00000000        0xc CMakeFiles/HW04_GPIO.dir/Src/stm32f1xx_hal.c.obj
 .group         0x00000000        0xc CMakeFiles/HW04_GPIO.dir/Src/stm32f1xx_hal.c.obj
 .group         0x00000000        0xc CMakeFiles/HW04_GPIO.dir/Src/stm32f1xx_hal.c.obj
 .group         0x00000000        0xc CMakeFiles/HW04_GPIO.dir/Src/stm32f1xx_hal.c.obj
 .group         0x00000000        0xc CMakeFiles/HW04_GPIO.dir/Src/stm32f1xx_hal.c.obj
 .group         0x00000000        0xc CMakeFiles/HW04_GPIO.dir/Src/stm32f1xx_hal.c.obj
 .group         0x00000000        0xc CMakeFiles/HW04_GPIO.dir/Src/stm32f1xx_hal.c.obj
 .group         0x00000000        0xc CMakeFiles/HW04_GPIO.dir/Src/stm32f1xx_hal.c.obj
 .group         0x00000000        0xc CMakeFiles/HW04_GPIO.dir/Src/stm32f1xx_hal.c.obj
 .group         0x00000000        0xc CMakeFiles/HW04_GPIO.dir/Src/stm32f1xx_hal.c.obj
 .text          0x00000000        0x0 CMakeFiles/HW04_GPIO.dir/Src/stm32f1xx_hal.c.obj
 .data          0x00000000        0x0 CMakeFiles/HW04_GPIO.dir/Src/stm32f1xx_hal.c.obj
 .bss           0x00000000        0x0 CMakeFiles/HW04_GPIO.dir/Src/stm32f1xx_hal.c.obj
 .text.HAL_DeInit
                0x00000000       0x30 CMakeFiles/HW04_GPIO.dir/Src/stm32f1xx_hal.c.obj
 .text.HAL_MspInit
                0x00000000        0xc CMakeFiles/HW04_GPIO.dir/Src/stm32f1xx_hal.c.obj
 .text.HAL_MspDeInit
                0x00000000        0xc CMakeFiles/HW04_GPIO.dir/Src/stm32f1xx_hal.c.obj
 .text.HAL_GetTickPrio
                0x00000000       0x14 CMakeFiles/HW04_GPIO.dir/Src/stm32f1xx_hal.c.obj
 .text.HAL_SetTickFreq
                0x00000000       0x50 CMakeFiles/HW04_GPIO.dir/Src/stm32f1xx_hal.c.obj
 .text.HAL_GetTickFreq
                0x00000000       0x14 CMakeFiles/HW04_GPIO.dir/Src/stm32f1xx_hal.c.obj
 .text.HAL_Delay
                0x00000000       0x48 CMakeFiles/HW04_GPIO.dir/Src/stm32f1xx_hal.c.obj
 .text.HAL_SuspendTick
                0x00000000       0x1c CMakeFiles/HW04_GPIO.dir/Src/stm32f1xx_hal.c.obj
 .text.HAL_ResumeTick
                0x00000000       0x1c CMakeFiles/HW04_GPIO.dir/Src/stm32f1xx_hal.c.obj
 .text.HAL_GetHalVersion
                0x00000000       0x14 CMakeFiles/HW04_GPIO.dir/Src/stm32f1xx_hal.c.obj
 .text.HAL_GetREVID
                0x00000000       0x18 CMakeFiles/HW04_GPIO.dir/Src/stm32f1xx_hal.c.obj
 .text.HAL_GetDEVID
                0x00000000       0x18 CMakeFiles/HW04_GPIO.dir/Src/stm32f1xx_hal.c.obj
 .text.HAL_GetUIDw0
                0x00000000       0x14 CMakeFiles/HW04_GPIO.dir/Src/stm32f1xx_hal.c.obj
 .text.HAL_GetUIDw1
                0x00000000       0x14 CMakeFiles/HW04_GPIO.dir/Src/stm32f1xx_hal.c.obj
 .text.HAL_GetUIDw2
                0x00000000       0x14 CMakeFiles/HW04_GPIO.dir/Src/stm32f1xx_hal.c.obj
 .text.HAL_DBGMCU_EnableDBGSleepMode
                0x00000000       0x1c CMakeFiles/HW04_GPIO.dir/Src/stm32f1xx_hal.c.obj
 .text.HAL_DBGMCU_DisableDBGSleepMode
                0x00000000       0x1c CMakeFiles/HW04_GPIO.dir/Src/stm32f1xx_hal.c.obj
 .text.HAL_DBGMCU_EnableDBGStopMode
                0x00000000       0x1c CMakeFiles/HW04_GPIO.dir/Src/stm32f1xx_hal.c.obj
 .text.HAL_DBGMCU_DisableDBGStopMode
                0x00000000       0x1c CMakeFiles/HW04_GPIO.dir/Src/stm32f1xx_hal.c.obj
 .text.HAL_DBGMCU_EnableDBGStandbyMode
                0x00000000       0x1c CMakeFiles/HW04_GPIO.dir/Src/stm32f1xx_hal.c.obj
 .text.HAL_DBGMCU_DisableDBGStandbyMode
                0x00000000       0x1c CMakeFiles/HW04_GPIO.dir/Src/stm32f1xx_hal.c.obj
 .debug_macro   0x00000000      0xac6 CMakeFiles/HW04_GPIO.dir/Src/stm32f1xx_hal.c.obj
 .debug_macro   0x00000000      0x2cd CMakeFiles/HW04_GPIO.dir/Src/stm32f1xx_hal.c.obj
 .debug_macro   0x00000000       0x2e CMakeFiles/HW04_GPIO.dir/Src/stm32f1xx_hal.c.obj
 .debug_macro   0x00000000       0x22 CMakeFiles/HW04_GPIO.dir/Src/stm32f1xx_hal.c.obj
 .debug_macro   0x00000000       0x22 CMakeFiles/HW04_GPIO.dir/Src/stm32f1xx_hal.c.obj
 .debug_macro   0x00000000       0x8e CMakeFiles/HW04_GPIO.dir/Src/stm32f1xx_hal.c.obj
 .debug_macro   0x00000000       0x51 CMakeFiles/HW04_GPIO.dir/Src/stm32f1xx_hal.c.obj
 .debug_macro   0x00000000      0x103 CMakeFiles/HW04_GPIO.dir/Src/stm32f1xx_hal.c.obj
 .debug_macro   0x00000000       0x6a CMakeFiles/HW04_GPIO.dir/Src/stm32f1xx_hal.c.obj
 .debug_macro   0x00000000      0x1df CMakeFiles/HW04_GPIO.dir/Src/stm32f1xx_hal.c.obj
 .debug_macro   0x00000000       0x1c CMakeFiles/HW04_GPIO.dir/Src/stm32f1xx_hal.c.obj
 .debug_macro   0x00000000       0x22 CMakeFiles/HW04_GPIO.dir/Src/stm32f1xx_hal.c.obj
 .debug_macro   0x00000000       0xbd CMakeFiles/HW04_GPIO.dir/Src/stm32f1xx_hal.c.obj
 .debug_macro   0x00000000      0xd23 CMakeFiles/HW04_GPIO.dir/Src/stm32f1xx_hal.c.obj
 .debug_macro   0x00000000     0xe09e CMakeFiles/HW04_GPIO.dir/Src/stm32f1xx_hal.c.obj
 .debug_macro   0x00000000       0x6d CMakeFiles/HW04_GPIO.dir/Src/stm32f1xx_hal.c.obj
 .debug_macro   0x00000000     0x34a2 CMakeFiles/HW04_GPIO.dir/Src/stm32f1xx_hal.c.obj
 .debug_macro   0x00000000      0x190 CMakeFiles/HW04_GPIO.dir/Src/stm32f1xx_hal.c.obj
 .debug_macro   0x00000000       0x5c CMakeFiles/HW04_GPIO.dir/Src/stm32f1xx_hal.c.obj
 .debug_macro   0x00000000      0x5bc CMakeFiles/HW04_GPIO.dir/Src/stm32f1xx_hal.c.obj
 .debug_macro   0x00000000      0x289 CMakeFiles/HW04_GPIO.dir/Src/stm32f1xx_hal.c.obj
 .debug_macro   0x00000000      0x1cb CMakeFiles/HW04_GPIO.dir/Src/stm32f1xx_hal.c.obj
 .debug_macro   0x00000000      0x114 CMakeFiles/HW04_GPIO.dir/Src/stm32f1xx_hal.c.obj
 .debug_macro   0x00000000      0x1b2 CMakeFiles/HW04_GPIO.dir/Src/stm32f1xx_hal.c.obj
 .debug_macro   0x00000000       0x27 CMakeFiles/HW04_GPIO.dir/Src/stm32f1xx_hal.c.obj
 .debug_macro   0x00000000      0x136 CMakeFiles/HW04_GPIO.dir/Src/stm32f1xx_hal.c.obj
 .debug_macro   0x00000000      0x1bc CMakeFiles/HW04_GPIO.dir/Src/stm32f1xx_hal.c.obj
 .debug_macro   0x00000000       0x34 CMakeFiles/HW04_GPIO.dir/Src/stm32f1xx_hal.c.obj
 .debug_macro   0x00000000       0x3c CMakeFiles/HW04_GPIO.dir/Src/stm32f1xx_hal.c.obj
 .debug_macro   0x00000000      0x408 CMakeFiles/HW04_GPIO.dir/Src/stm32f1xx_hal.c.obj
 .debug_macro   0x00000000       0x57 CMakeFiles/HW04_GPIO.dir/Src/stm32f1xx_hal.c.obj
 .debug_macro   0x00000000      0x46a CMakeFiles/HW04_GPIO.dir/Src/stm32f1xx_hal.c.obj
 .debug_macro   0x00000000      0x1b5 CMakeFiles/HW04_GPIO.dir/Src/stm32f1xx_hal.c.obj
 .debug_macro   0x00000000       0x22 CMakeFiles/HW04_GPIO.dir/Src/stm32f1xx_hal.c.obj
 .debug_macro   0x00000000       0x87 CMakeFiles/HW04_GPIO.dir/Src/stm32f1xx_hal.c.obj
 .debug_macro   0x00000000      0x240 CMakeFiles/HW04_GPIO.dir/Src/stm32f1xx_hal.c.obj
 .debug_macro   0x00000000      0x287 CMakeFiles/HW04_GPIO.dir/Src/stm32f1xx_hal.c.obj
 .debug_macro   0x00000000       0x78 CMakeFiles/HW04_GPIO.dir/Src/stm32f1xx_hal.c.obj
 .debug_macro   0x00000000      0x140 CMakeFiles/HW04_GPIO.dir/Src/stm32f1xx_hal.c.obj
 .debug_macro   0x00000000      0x1ef CMakeFiles/HW04_GPIO.dir/Src/stm32f1xx_hal.c.obj
 .debug_macro   0x00000000       0xeb CMakeFiles/HW04_GPIO.dir/Src/stm32f1xx_hal.c.obj
 .debug_macro   0x00000000      0x217 CMakeFiles/HW04_GPIO.dir/Src/stm32f1xx_hal.c.obj
 .debug_macro   0x00000000      0x8ed CMakeFiles/HW04_GPIO.dir/Src/stm32f1xx_hal.c.obj
 .debug_macro   0x00000000      0x28e CMakeFiles/HW04_GPIO.dir/Src/stm32f1xx_hal.c.obj
 .debug_macro   0x00000000      0x217 CMakeFiles/HW04_GPIO.dir/Src/stm32f1xx_hal.c.obj
 .debug_macro   0x00000000      0x1a7 CMakeFiles/HW04_GPIO.dir/Src/stm32f1xx_hal.c.obj
 .debug_macro   0x00000000      0x2cd CMakeFiles/HW04_GPIO.dir/Src/stm32f1xx_hal.c.obj
 .debug_macro   0x00000000       0x8d CMakeFiles/HW04_GPIO.dir/Src/stm32f1xx_hal.c.obj
 .debug_macro   0x00000000       0xb7 CMakeFiles/HW04_GPIO.dir/Src/stm32f1xx_hal.c.obj
 .debug_macro   0x00000000      0x242 CMakeFiles/HW04_GPIO.dir/Src/stm32f1xx_hal.c.obj
 .debug_macro   0x00000000       0x83 CMakeFiles/HW04_GPIO.dir/Src/stm32f1xx_hal.c.obj
 .group         0x00000000        0xc CMakeFiles/HW04_GPIO.dir/Src/stm32f1xx_hal_gpio.c.obj
 .group         0x00000000        0xc CMakeFiles/HW04_GPIO.dir/Src/stm32f1xx_hal_gpio.c.obj
 .group         0x00000000        0xc CMakeFiles/HW04_GPIO.dir/Src/stm32f1xx_hal_gpio.c.obj
 .group         0x00000000        0xc CMakeFiles/HW04_GPIO.dir/Src/stm32f1xx_hal_gpio.c.obj
 .group         0x00000000        0xc CMakeFiles/HW04_GPIO.dir/Src/stm32f1xx_hal_gpio.c.obj
 .group         0x00000000        0xc CMakeFiles/HW04_GPIO.dir/Src/stm32f1xx_hal_gpio.c.obj
 .group         0x00000000        0xc CMakeFiles/HW04_GPIO.dir/Src/stm32f1xx_hal_gpio.c.obj
 .group         0x00000000        0xc CMakeFiles/HW04_GPIO.dir/Src/stm32f1xx_hal_gpio.c.obj
 .group         0x00000000        0xc CMakeFiles/HW04_GPIO.dir/Src/stm32f1xx_hal_gpio.c.obj
 .group         0x00000000        0xc CMakeFiles/HW04_GPIO.dir/Src/stm32f1xx_hal_gpio.c.obj
 .group         0x00000000        0xc CMakeFiles/HW04_GPIO.dir/Src/stm32f1xx_hal_gpio.c.obj
 .group         0x00000000        0xc CMakeFiles/HW04_GPIO.dir/Src/stm32f1xx_hal_gpio.c.obj
 .group         0x00000000        0xc CMakeFiles/HW04_GPIO.dir/Src/stm32f1xx_hal_gpio.c.obj
 .group         0x00000000        0xc CMakeFiles/HW04_GPIO.dir/Src/stm32f1xx_hal_gpio.c.obj
 .group         0x00000000        0xc CMakeFiles/HW04_GPIO.dir/Src/stm32f1xx_hal_gpio.c.obj
 .group         0x00000000        0xc CMakeFiles/HW04_GPIO.dir/Src/stm32f1xx_hal_gpio.c.obj
 .group         0x00000000        0xc CMakeFiles/HW04_GPIO.dir/Src/stm32f1xx_hal_gpio.c.obj
 .group         0x00000000        0xc CMakeFiles/HW04_GPIO.dir/Src/stm32f1xx_hal_gpio.c.obj
 .group         0x00000000        0xc CMakeFiles/HW04_GPIO.dir/Src/stm32f1xx_hal_gpio.c.obj
 .group         0x00000000        0xc CMakeFiles/HW04_GPIO.dir/Src/stm32f1xx_hal_gpio.c.obj
 .group         0x00000000        0xc CMakeFiles/HW04_GPIO.dir/Src/stm32f1xx_hal_gpio.c.obj
 .group         0x00000000        0xc CMakeFiles/HW04_GPIO.dir/Src/stm32f1xx_hal_gpio.c.obj
 .group         0x00000000        0xc CMakeFiles/HW04_GPIO.dir/Src/stm32f1xx_hal_gpio.c.obj
 .group         0x00000000        0xc CMakeFiles/HW04_GPIO.dir/Src/stm32f1xx_hal_gpio.c.obj
 .group         0x00000000        0xc CMakeFiles/HW04_GPIO.dir/Src/stm32f1xx_hal_gpio.c.obj
 .group         0x00000000        0xc CMakeFiles/HW04_GPIO.dir/Src/stm32f1xx_hal_gpio.c.obj
 .group         0x00000000        0xc CMakeFiles/HW04_GPIO.dir/Src/stm32f1xx_hal_gpio.c.obj
 .group         0x00000000        0xc CMakeFiles/HW04_GPIO.dir/Src/stm32f1xx_hal_gpio.c.obj
 .group         0x00000000        0xc CMakeFiles/HW04_GPIO.dir/Src/stm32f1xx_hal_gpio.c.obj
 .group         0x00000000        0xc CMakeFiles/HW04_GPIO.dir/Src/stm32f1xx_hal_gpio.c.obj
 .group         0x00000000        0xc CMakeFiles/HW04_GPIO.dir/Src/stm32f1xx_hal_gpio.c.obj
 .group         0x00000000        0xc CMakeFiles/HW04_GPIO.dir/Src/stm32f1xx_hal_gpio.c.obj
 .group         0x00000000        0xc CMakeFiles/HW04_GPIO.dir/Src/stm32f1xx_hal_gpio.c.obj
 .group         0x00000000        0xc CMakeFiles/HW04_GPIO.dir/Src/stm32f1xx_hal_gpio.c.obj
 .group         0x00000000        0xc CMakeFiles/HW04_GPIO.dir/Src/stm32f1xx_hal_gpio.c.obj
 .group         0x00000000        0xc CMakeFiles/HW04_GPIO.dir/Src/stm32f1xx_hal_gpio.c.obj
 .group         0x00000000        0xc CMakeFiles/HW04_GPIO.dir/Src/stm32f1xx_hal_gpio.c.obj
 .group         0x00000000        0xc CMakeFiles/HW04_GPIO.dir/Src/stm32f1xx_hal_gpio.c.obj
 .group         0x00000000        0xc CMakeFiles/HW04_GPIO.dir/Src/stm32f1xx_hal_gpio.c.obj
 .group         0x00000000        0xc CMakeFiles/HW04_GPIO.dir/Src/stm32f1xx_hal_gpio.c.obj
 .group         0x00000000        0xc CMakeFiles/HW04_GPIO.dir/Src/stm32f1xx_hal_gpio.c.obj
 .group         0x00000000        0xc CMakeFiles/HW04_GPIO.dir/Src/stm32f1xx_hal_gpio.c.obj
 .group         0x00000000        0xc CMakeFiles/HW04_GPIO.dir/Src/stm32f1xx_hal_gpio.c.obj
 .group         0x00000000        0xc CMakeFiles/HW04_GPIO.dir/Src/stm32f1xx_hal_gpio.c.obj
 .group         0x00000000        0xc CMakeFiles/HW04_GPIO.dir/Src/stm32f1xx_hal_gpio.c.obj
 .group         0x00000000        0xc CMakeFiles/HW04_GPIO.dir/Src/stm32f1xx_hal_gpio.c.obj
 .group         0x00000000        0xc CMakeFiles/HW04_GPIO.dir/Src/stm32f1xx_hal_gpio.c.obj
 .group         0x00000000        0xc CMakeFiles/HW04_GPIO.dir/Src/stm32f1xx_hal_gpio.c.obj
 .group         0x00000000        0xc CMakeFiles/HW04_GPIO.dir/Src/stm32f1xx_hal_gpio.c.obj
 .group         0x00000000        0xc CMakeFiles/HW04_GPIO.dir/Src/stm32f1xx_hal_gpio.c.obj
 .group         0x00000000        0xc CMakeFiles/HW04_GPIO.dir/Src/stm32f1xx_hal_gpio.c.obj
 .text          0x00000000        0x0 CMakeFiles/HW04_GPIO.dir/Src/stm32f1xx_hal_gpio.c.obj
 .data          0x00000000        0x0 CMakeFiles/HW04_GPIO.dir/Src/stm32f1xx_hal_gpio.c.obj
 .bss           0x00000000        0x0 CMakeFiles/HW04_GPIO.dir/Src/stm32f1xx_hal_gpio.c.obj
 .text.HAL_GPIO_DeInit
                0x00000000      0x178 CMakeFiles/HW04_GPIO.dir/Src/stm32f1xx_hal_gpio.c.obj
 .text.HAL_GPIO_LockPin
                0x00000000       0x4e CMakeFiles/HW04_GPIO.dir/Src/stm32f1xx_hal_gpio.c.obj
 .text.HAL_GPIO_EXTI_IRQHandler
                0x00000000       0x30 CMakeFiles/HW04_GPIO.dir/Src/stm32f1xx_hal_gpio.c.obj
 .text.HAL_GPIO_EXTI_Callback
                0x00000000       0x14 CMakeFiles/HW04_GPIO.dir/Src/stm32f1xx_hal_gpio.c.obj
 .debug_macro   0x00000000      0xac6 CMakeFiles/HW04_GPIO.dir/Src/stm32f1xx_hal_gpio.c.obj
 .debug_macro   0x00000000      0x2cd CMakeFiles/HW04_GPIO.dir/Src/stm32f1xx_hal_gpio.c.obj
 .debug_macro   0x00000000       0x2e CMakeFiles/HW04_GPIO.dir/Src/stm32f1xx_hal_gpio.c.obj
 .debug_macro   0x00000000       0x22 CMakeFiles/HW04_GPIO.dir/Src/stm32f1xx_hal_gpio.c.obj
 .debug_macro   0x00000000       0x22 CMakeFiles/HW04_GPIO.dir/Src/stm32f1xx_hal_gpio.c.obj
 .debug_macro   0x00000000       0x8e CMakeFiles/HW04_GPIO.dir/Src/stm32f1xx_hal_gpio.c.obj
 .debug_macro   0x00000000       0x51 CMakeFiles/HW04_GPIO.dir/Src/stm32f1xx_hal_gpio.c.obj
 .debug_macro   0x00000000      0x103 CMakeFiles/HW04_GPIO.dir/Src/stm32f1xx_hal_gpio.c.obj
 .debug_macro   0x00000000       0x6a CMakeFiles/HW04_GPIO.dir/Src/stm32f1xx_hal_gpio.c.obj
 .debug_macro   0x00000000      0x1df CMakeFiles/HW04_GPIO.dir/Src/stm32f1xx_hal_gpio.c.obj
 .debug_macro   0x00000000       0x1c CMakeFiles/HW04_GPIO.dir/Src/stm32f1xx_hal_gpio.c.obj
 .debug_macro   0x00000000       0x22 CMakeFiles/HW04_GPIO.dir/Src/stm32f1xx_hal_gpio.c.obj
 .debug_macro   0x00000000       0xbd CMakeFiles/HW04_GPIO.dir/Src/stm32f1xx_hal_gpio.c.obj
 .debug_macro   0x00000000      0xd23 CMakeFiles/HW04_GPIO.dir/Src/stm32f1xx_hal_gpio.c.obj
 .debug_macro   0x00000000     0xe09e CMakeFiles/HW04_GPIO.dir/Src/stm32f1xx_hal_gpio.c.obj
 .debug_macro   0x00000000       0x6d CMakeFiles/HW04_GPIO.dir/Src/stm32f1xx_hal_gpio.c.obj
 .debug_macro   0x00000000     0x34a2 CMakeFiles/HW04_GPIO.dir/Src/stm32f1xx_hal_gpio.c.obj
 .debug_macro   0x00000000      0x190 CMakeFiles/HW04_GPIO.dir/Src/stm32f1xx_hal_gpio.c.obj
 .debug_macro   0x00000000       0x5c CMakeFiles/HW04_GPIO.dir/Src/stm32f1xx_hal_gpio.c.obj
 .debug_macro   0x00000000      0x5bc CMakeFiles/HW04_GPIO.dir/Src/stm32f1xx_hal_gpio.c.obj
 .debug_macro   0x00000000      0x289 CMakeFiles/HW04_GPIO.dir/Src/stm32f1xx_hal_gpio.c.obj
 .debug_macro   0x00000000      0x1cb CMakeFiles/HW04_GPIO.dir/Src/stm32f1xx_hal_gpio.c.obj
 .debug_macro   0x00000000      0x114 CMakeFiles/HW04_GPIO.dir/Src/stm32f1xx_hal_gpio.c.obj
 .debug_macro   0x00000000      0x1b2 CMakeFiles/HW04_GPIO.dir/Src/stm32f1xx_hal_gpio.c.obj
 .debug_macro   0x00000000       0x27 CMakeFiles/HW04_GPIO.dir/Src/stm32f1xx_hal_gpio.c.obj
 .debug_macro   0x00000000      0x136 CMakeFiles/HW04_GPIO.dir/Src/stm32f1xx_hal_gpio.c.obj
 .debug_macro   0x00000000      0x1bc CMakeFiles/HW04_GPIO.dir/Src/stm32f1xx_hal_gpio.c.obj
 .debug_macro   0x00000000       0x34 CMakeFiles/HW04_GPIO.dir/Src/stm32f1xx_hal_gpio.c.obj
 .debug_macro   0x00000000       0x3c CMakeFiles/HW04_GPIO.dir/Src/stm32f1xx_hal_gpio.c.obj
 .debug_macro   0x00000000      0x408 CMakeFiles/HW04_GPIO.dir/Src/stm32f1xx_hal_gpio.c.obj
 .debug_macro   0x00000000       0x57 CMakeFiles/HW04_GPIO.dir/Src/stm32f1xx_hal_gpio.c.obj
 .debug_macro   0x00000000      0x46a CMakeFiles/HW04_GPIO.dir/Src/stm32f1xx_hal_gpio.c.obj
 .debug_macro   0x00000000      0x1b5 CMakeFiles/HW04_GPIO.dir/Src/stm32f1xx_hal_gpio.c.obj
 .debug_macro   0x00000000       0x22 CMakeFiles/HW04_GPIO.dir/Src/stm32f1xx_hal_gpio.c.obj
 .debug_macro   0x00000000       0x87 CMakeFiles/HW04_GPIO.dir/Src/stm32f1xx_hal_gpio.c.obj
 .debug_macro   0x00000000      0x240 CMakeFiles/HW04_GPIO.dir/Src/stm32f1xx_hal_gpio.c.obj
 .debug_macro   0x00000000      0x287 CMakeFiles/HW04_GPIO.dir/Src/stm32f1xx_hal_gpio.c.obj
 .debug_macro   0x00000000       0x78 CMakeFiles/HW04_GPIO.dir/Src/stm32f1xx_hal_gpio.c.obj
 .debug_macro   0x00000000      0x140 CMakeFiles/HW04_GPIO.dir/Src/stm32f1xx_hal_gpio.c.obj
 .debug_macro   0x00000000      0x1ef CMakeFiles/HW04_GPIO.dir/Src/stm32f1xx_hal_gpio.c.obj
 .debug_macro   0x00000000       0xeb CMakeFiles/HW04_GPIO.dir/Src/stm32f1xx_hal_gpio.c.obj
 .debug_macro   0x00000000      0x217 CMakeFiles/HW04_GPIO.dir/Src/stm32f1xx_hal_gpio.c.obj
 .debug_macro   0x00000000      0x8ed CMakeFiles/HW04_GPIO.dir/Src/stm32f1xx_hal_gpio.c.obj
 .debug_macro   0x00000000      0x28e CMakeFiles/HW04_GPIO.dir/Src/stm32f1xx_hal_gpio.c.obj
 .debug_macro   0x00000000      0x217 CMakeFiles/HW04_GPIO.dir/Src/stm32f1xx_hal_gpio.c.obj
 .debug_macro   0x00000000      0x1a7 CMakeFiles/HW04_GPIO.dir/Src/stm32f1xx_hal_gpio.c.obj
 .debug_macro   0x00000000      0x2cd CMakeFiles/HW04_GPIO.dir/Src/stm32f1xx_hal_gpio.c.obj
 .debug_macro   0x00000000       0x8d CMakeFiles/HW04_GPIO.dir/Src/stm32f1xx_hal_gpio.c.obj
 .debug_macro   0x00000000       0xb7 CMakeFiles/HW04_GPIO.dir/Src/stm32f1xx_hal_gpio.c.obj
 .debug_macro   0x00000000      0x242 CMakeFiles/HW04_GPIO.dir/Src/stm32f1xx_hal_gpio.c.obj
 .debug_macro   0x00000000       0x83 CMakeFiles/HW04_GPIO.dir/Src/stm32f1xx_hal_gpio.c.obj
 .group         0x00000000        0xc CMakeFiles/HW04_GPIO.dir/Src/stm32f1xx_hal_rcc.c.obj
 .group         0x00000000        0xc CMakeFiles/HW04_GPIO.dir/Src/stm32f1xx_hal_rcc.c.obj
 .group         0x00000000        0xc CMakeFiles/HW04_GPIO.dir/Src/stm32f1xx_hal_rcc.c.obj
 .group         0x00000000        0xc CMakeFiles/HW04_GPIO.dir/Src/stm32f1xx_hal_rcc.c.obj
 .group         0x00000000        0xc CMakeFiles/HW04_GPIO.dir/Src/stm32f1xx_hal_rcc.c.obj
 .group         0x00000000        0xc CMakeFiles/HW04_GPIO.dir/Src/stm32f1xx_hal_rcc.c.obj
 .group         0x00000000        0xc CMakeFiles/HW04_GPIO.dir/Src/stm32f1xx_hal_rcc.c.obj
 .group         0x00000000        0xc CMakeFiles/HW04_GPIO.dir/Src/stm32f1xx_hal_rcc.c.obj
 .group         0x00000000        0xc CMakeFiles/HW04_GPIO.dir/Src/stm32f1xx_hal_rcc.c.obj
 .group         0x00000000        0xc CMakeFiles/HW04_GPIO.dir/Src/stm32f1xx_hal_rcc.c.obj
 .group         0x00000000        0xc CMakeFiles/HW04_GPIO.dir/Src/stm32f1xx_hal_rcc.c.obj
 .group         0x00000000        0xc CMakeFiles/HW04_GPIO.dir/Src/stm32f1xx_hal_rcc.c.obj
 .group         0x00000000        0xc CMakeFiles/HW04_GPIO.dir/Src/stm32f1xx_hal_rcc.c.obj
 .group         0x00000000        0xc CMakeFiles/HW04_GPIO.dir/Src/stm32f1xx_hal_rcc.c.obj
 .group         0x00000000        0xc CMakeFiles/HW04_GPIO.dir/Src/stm32f1xx_hal_rcc.c.obj
 .group         0x00000000        0xc CMakeFiles/HW04_GPIO.dir/Src/stm32f1xx_hal_rcc.c.obj
 .group         0x00000000        0xc CMakeFiles/HW04_GPIO.dir/Src/stm32f1xx_hal_rcc.c.obj
 .group         0x00000000        0xc CMakeFiles/HW04_GPIO.dir/Src/stm32f1xx_hal_rcc.c.obj
 .group         0x00000000        0xc CMakeFiles/HW04_GPIO.dir/Src/stm32f1xx_hal_rcc.c.obj
 .group         0x00000000        0xc CMakeFiles/HW04_GPIO.dir/Src/stm32f1xx_hal_rcc.c.obj
 .group         0x00000000        0xc CMakeFiles/HW04_GPIO.dir/Src/stm32f1xx_hal_rcc.c.obj
 .group         0x00000000        0xc CMakeFiles/HW04_GPIO.dir/Src/stm32f1xx_hal_rcc.c.obj
 .group         0x00000000        0xc CMakeFiles/HW04_GPIO.dir/Src/stm32f1xx_hal_rcc.c.obj
 .group         0x00000000        0xc CMakeFiles/HW04_GPIO.dir/Src/stm32f1xx_hal_rcc.c.obj
 .group         0x00000000        0xc CMakeFiles/HW04_GPIO.dir/Src/stm32f1xx_hal_rcc.c.obj
 .group         0x00000000        0xc CMakeFiles/HW04_GPIO.dir/Src/stm32f1xx_hal_rcc.c.obj
 .group         0x00000000        0xc CMakeFiles/HW04_GPIO.dir/Src/stm32f1xx_hal_rcc.c.obj
 .group         0x00000000        0xc CMakeFiles/HW04_GPIO.dir/Src/stm32f1xx_hal_rcc.c.obj
 .group         0x00000000        0xc CMakeFiles/HW04_GPIO.dir/Src/stm32f1xx_hal_rcc.c.obj
 .group         0x00000000        0xc CMakeFiles/HW04_GPIO.dir/Src/stm32f1xx_hal_rcc.c.obj
 .group         0x00000000        0xc CMakeFiles/HW04_GPIO.dir/Src/stm32f1xx_hal_rcc.c.obj
 .group         0x00000000        0xc CMakeFiles/HW04_GPIO.dir/Src/stm32f1xx_hal_rcc.c.obj
 .group         0x00000000        0xc CMakeFiles/HW04_GPIO.dir/Src/stm32f1xx_hal_rcc.c.obj
 .group         0x00000000        0xc CMakeFiles/HW04_GPIO.dir/Src/stm32f1xx_hal_rcc.c.obj
 .group         0x00000000        0xc CMakeFiles/HW04_GPIO.dir/Src/stm32f1xx_hal_rcc.c.obj
 .group         0x00000000        0xc CMakeFiles/HW04_GPIO.dir/Src/stm32f1xx_hal_rcc.c.obj
 .group         0x00000000        0xc CMakeFiles/HW04_GPIO.dir/Src/stm32f1xx_hal_rcc.c.obj
 .group         0x00000000        0xc CMakeFiles/HW04_GPIO.dir/Src/stm32f1xx_hal_rcc.c.obj
 .group         0x00000000        0xc CMakeFiles/HW04_GPIO.dir/Src/stm32f1xx_hal_rcc.c.obj
 .group         0x00000000        0xc CMakeFiles/HW04_GPIO.dir/Src/stm32f1xx_hal_rcc.c.obj
 .group         0x00000000        0xc CMakeFiles/HW04_GPIO.dir/Src/stm32f1xx_hal_rcc.c.obj
 .group         0x00000000        0xc CMakeFiles/HW04_GPIO.dir/Src/stm32f1xx_hal_rcc.c.obj
 .group         0x00000000        0xc CMakeFiles/HW04_GPIO.dir/Src/stm32f1xx_hal_rcc.c.obj
 .group         0x00000000        0xc CMakeFiles/HW04_GPIO.dir/Src/stm32f1xx_hal_rcc.c.obj
 .group         0x00000000        0xc CMakeFiles/HW04_GPIO.dir/Src/stm32f1xx_hal_rcc.c.obj
 .group         0x00000000        0xc CMakeFiles/HW04_GPIO.dir/Src/stm32f1xx_hal_rcc.c.obj
 .group         0x00000000        0xc CMakeFiles/HW04_GPIO.dir/Src/stm32f1xx_hal_rcc.c.obj
 .group         0x00000000        0xc CMakeFiles/HW04_GPIO.dir/Src/stm32f1xx_hal_rcc.c.obj
 .group         0x00000000        0xc CMakeFiles/HW04_GPIO.dir/Src/stm32f1xx_hal_rcc.c.obj
 .group         0x00000000        0xc CMakeFiles/HW04_GPIO.dir/Src/stm32f1xx_hal_rcc.c.obj
 .group         0x00000000        0xc CMakeFiles/HW04_GPIO.dir/Src/stm32f1xx_hal_rcc.c.obj
 .text          0x00000000        0x0 CMakeFiles/HW04_GPIO.dir/Src/stm32f1xx_hal_rcc.c.obj
 .data          0x00000000        0x0 CMakeFiles/HW04_GPIO.dir/Src/stm32f1xx_hal_rcc.c.obj
 .bss           0x00000000        0x0 CMakeFiles/HW04_GPIO.dir/Src/stm32f1xx_hal_rcc.c.obj
 .text.HAL_RCC_DeInit
                0x00000000      0x134 CMakeFiles/HW04_GPIO.dir/Src/stm32f1xx_hal_rcc.c.obj
 .text.HAL_RCC_MCOConfig
                0x00000000       0x70 CMakeFiles/HW04_GPIO.dir/Src/stm32f1xx_hal_rcc.c.obj
 .text.HAL_RCC_EnableCSS
                0x00000000       0x18 CMakeFiles/HW04_GPIO.dir/Src/stm32f1xx_hal_rcc.c.obj
 .text.HAL_RCC_DisableCSS
                0x00000000       0x18 CMakeFiles/HW04_GPIO.dir/Src/stm32f1xx_hal_rcc.c.obj
 .text.HAL_RCC_GetHCLKFreq
                0x00000000       0x14 CMakeFiles/HW04_GPIO.dir/Src/stm32f1xx_hal_rcc.c.obj
 .text.HAL_RCC_GetPCLK1Freq
                0x00000000       0x28 CMakeFiles/HW04_GPIO.dir/Src/stm32f1xx_hal_rcc.c.obj
 .text.HAL_RCC_GetPCLK2Freq
                0x00000000       0x28 CMakeFiles/HW04_GPIO.dir/Src/stm32f1xx_hal_rcc.c.obj
 .text.HAL_RCC_GetOscConfig
                0x00000000      0x104 CMakeFiles/HW04_GPIO.dir/Src/stm32f1xx_hal_rcc.c.obj
 .text.HAL_RCC_GetClockConfig
                0x00000000       0x60 CMakeFiles/HW04_GPIO.dir/Src/stm32f1xx_hal_rcc.c.obj
 .text.HAL_RCC_NMI_IRQHandler
                0x00000000       0x28 CMakeFiles/HW04_GPIO.dir/Src/stm32f1xx_hal_rcc.c.obj
 .text.HAL_RCC_CSSCallback
                0x00000000        0xc CMakeFiles/HW04_GPIO.dir/Src/stm32f1xx_hal_rcc.c.obj
 .debug_macro   0x00000000      0xac6 CMakeFiles/HW04_GPIO.dir/Src/stm32f1xx_hal_rcc.c.obj
 .debug_macro   0x00000000      0x2cd CMakeFiles/HW04_GPIO.dir/Src/stm32f1xx_hal_rcc.c.obj
 .debug_macro   0x00000000       0x2e CMakeFiles/HW04_GPIO.dir/Src/stm32f1xx_hal_rcc.c.obj
 .debug_macro   0x00000000       0x22 CMakeFiles/HW04_GPIO.dir/Src/stm32f1xx_hal_rcc.c.obj
 .debug_macro   0x00000000       0x22 CMakeFiles/HW04_GPIO.dir/Src/stm32f1xx_hal_rcc.c.obj
 .debug_macro   0x00000000       0x8e CMakeFiles/HW04_GPIO.dir/Src/stm32f1xx_hal_rcc.c.obj
 .debug_macro   0x00000000       0x51 CMakeFiles/HW04_GPIO.dir/Src/stm32f1xx_hal_rcc.c.obj
 .debug_macro   0x00000000      0x103 CMakeFiles/HW04_GPIO.dir/Src/stm32f1xx_hal_rcc.c.obj
 .debug_macro   0x00000000       0x6a CMakeFiles/HW04_GPIO.dir/Src/stm32f1xx_hal_rcc.c.obj
 .debug_macro   0x00000000      0x1df CMakeFiles/HW04_GPIO.dir/Src/stm32f1xx_hal_rcc.c.obj
 .debug_macro   0x00000000       0x1c CMakeFiles/HW04_GPIO.dir/Src/stm32f1xx_hal_rcc.c.obj
 .debug_macro   0x00000000       0x22 CMakeFiles/HW04_GPIO.dir/Src/stm32f1xx_hal_rcc.c.obj
 .debug_macro   0x00000000       0xbd CMakeFiles/HW04_GPIO.dir/Src/stm32f1xx_hal_rcc.c.obj
 .debug_macro   0x00000000      0xd23 CMakeFiles/HW04_GPIO.dir/Src/stm32f1xx_hal_rcc.c.obj
 .debug_macro   0x00000000     0xe09e CMakeFiles/HW04_GPIO.dir/Src/stm32f1xx_hal_rcc.c.obj
 .debug_macro   0x00000000       0x6d CMakeFiles/HW04_GPIO.dir/Src/stm32f1xx_hal_rcc.c.obj
 .debug_macro   0x00000000     0x34a2 CMakeFiles/HW04_GPIO.dir/Src/stm32f1xx_hal_rcc.c.obj
 .debug_macro   0x00000000      0x190 CMakeFiles/HW04_GPIO.dir/Src/stm32f1xx_hal_rcc.c.obj
 .debug_macro   0x00000000       0x5c CMakeFiles/HW04_GPIO.dir/Src/stm32f1xx_hal_rcc.c.obj
 .debug_macro   0x00000000      0x5bc CMakeFiles/HW04_GPIO.dir/Src/stm32f1xx_hal_rcc.c.obj
 .debug_macro   0x00000000      0x289 CMakeFiles/HW04_GPIO.dir/Src/stm32f1xx_hal_rcc.c.obj
 .debug_macro   0x00000000      0x1cb CMakeFiles/HW04_GPIO.dir/Src/stm32f1xx_hal_rcc.c.obj
 .debug_macro   0x00000000      0x114 CMakeFiles/HW04_GPIO.dir/Src/stm32f1xx_hal_rcc.c.obj
 .debug_macro   0x00000000      0x1b2 CMakeFiles/HW04_GPIO.dir/Src/stm32f1xx_hal_rcc.c.obj
 .debug_macro   0x00000000       0x27 CMakeFiles/HW04_GPIO.dir/Src/stm32f1xx_hal_rcc.c.obj
 .debug_macro   0x00000000      0x136 CMakeFiles/HW04_GPIO.dir/Src/stm32f1xx_hal_rcc.c.obj
 .debug_macro   0x00000000      0x1bc CMakeFiles/HW04_GPIO.dir/Src/stm32f1xx_hal_rcc.c.obj
 .debug_macro   0x00000000       0x34 CMakeFiles/HW04_GPIO.dir/Src/stm32f1xx_hal_rcc.c.obj
 .debug_macro   0x00000000       0x3c CMakeFiles/HW04_GPIO.dir/Src/stm32f1xx_hal_rcc.c.obj
 .debug_macro   0x00000000      0x408 CMakeFiles/HW04_GPIO.dir/Src/stm32f1xx_hal_rcc.c.obj
 .debug_macro   0x00000000       0x57 CMakeFiles/HW04_GPIO.dir/Src/stm32f1xx_hal_rcc.c.obj
 .debug_macro   0x00000000      0x46a CMakeFiles/HW04_GPIO.dir/Src/stm32f1xx_hal_rcc.c.obj
 .debug_macro   0x00000000      0x1b5 CMakeFiles/HW04_GPIO.dir/Src/stm32f1xx_hal_rcc.c.obj
 .debug_macro   0x00000000       0x22 CMakeFiles/HW04_GPIO.dir/Src/stm32f1xx_hal_rcc.c.obj
 .debug_macro   0x00000000       0x87 CMakeFiles/HW04_GPIO.dir/Src/stm32f1xx_hal_rcc.c.obj
 .debug_macro   0x00000000      0x240 CMakeFiles/HW04_GPIO.dir/Src/stm32f1xx_hal_rcc.c.obj
 .debug_macro   0x00000000      0x287 CMakeFiles/HW04_GPIO.dir/Src/stm32f1xx_hal_rcc.c.obj
 .debug_macro   0x00000000       0x78 CMakeFiles/HW04_GPIO.dir/Src/stm32f1xx_hal_rcc.c.obj
 .debug_macro   0x00000000      0x140 CMakeFiles/HW04_GPIO.dir/Src/stm32f1xx_hal_rcc.c.obj
 .debug_macro   0x00000000      0x1ef CMakeFiles/HW04_GPIO.dir/Src/stm32f1xx_hal_rcc.c.obj
 .debug_macro   0x00000000       0xeb CMakeFiles/HW04_GPIO.dir/Src/stm32f1xx_hal_rcc.c.obj
 .debug_macro   0x00000000      0x217 CMakeFiles/HW04_GPIO.dir/Src/stm32f1xx_hal_rcc.c.obj
 .debug_macro   0x00000000      0x8ed CMakeFiles/HW04_GPIO.dir/Src/stm32f1xx_hal_rcc.c.obj
 .debug_macro   0x00000000      0x28e CMakeFiles/HW04_GPIO.dir/Src/stm32f1xx_hal_rcc.c.obj
 .debug_macro   0x00000000      0x217 CMakeFiles/HW04_GPIO.dir/Src/stm32f1xx_hal_rcc.c.obj
 .debug_macro   0x00000000      0x1a7 CMakeFiles/HW04_GPIO.dir/Src/stm32f1xx_hal_rcc.c.obj
 .debug_macro   0x00000000      0x2cd CMakeFiles/HW04_GPIO.dir/Src/stm32f1xx_hal_rcc.c.obj
 .debug_macro   0x00000000       0x8d CMakeFiles/HW04_GPIO.dir/Src/stm32f1xx_hal_rcc.c.obj
 .debug_macro   0x00000000       0xb7 CMakeFiles/HW04_GPIO.dir/Src/stm32f1xx_hal_rcc.c.obj
 .debug_macro   0x00000000      0x242 CMakeFiles/HW04_GPIO.dir/Src/stm32f1xx_hal_rcc.c.obj
 .debug_macro   0x00000000       0x83 CMakeFiles/HW04_GPIO.dir/Src/stm32f1xx_hal_rcc.c.obj
 .group         0x00000000        0xc CMakeFiles/HW04_GPIO.dir/Src/stm32f1xx_hal_cortex.c.obj
 .group         0x00000000        0xc CMakeFiles/HW04_GPIO.dir/Src/stm32f1xx_hal_cortex.c.obj
 .group         0x00000000        0xc CMakeFiles/HW04_GPIO.dir/Src/stm32f1xx_hal_cortex.c.obj
 .group         0x00000000        0xc CMakeFiles/HW04_GPIO.dir/Src/stm32f1xx_hal_cortex.c.obj
 .group         0x00000000        0xc CMakeFiles/HW04_GPIO.dir/Src/stm32f1xx_hal_cortex.c.obj
 .group         0x00000000        0xc CMakeFiles/HW04_GPIO.dir/Src/stm32f1xx_hal_cortex.c.obj
 .group         0x00000000        0xc CMakeFiles/HW04_GPIO.dir/Src/stm32f1xx_hal_cortex.c.obj
 .group         0x00000000        0xc CMakeFiles/HW04_GPIO.dir/Src/stm32f1xx_hal_cortex.c.obj
 .group         0x00000000        0xc CMakeFiles/HW04_GPIO.dir/Src/stm32f1xx_hal_cortex.c.obj
 .group         0x00000000        0xc CMakeFiles/HW04_GPIO.dir/Src/stm32f1xx_hal_cortex.c.obj
 .group         0x00000000        0xc CMakeFiles/HW04_GPIO.dir/Src/stm32f1xx_hal_cortex.c.obj
 .group         0x00000000        0xc CMakeFiles/HW04_GPIO.dir/Src/stm32f1xx_hal_cortex.c.obj
 .group         0x00000000        0xc CMakeFiles/HW04_GPIO.dir/Src/stm32f1xx_hal_cortex.c.obj
 .group         0x00000000        0xc CMakeFiles/HW04_GPIO.dir/Src/stm32f1xx_hal_cortex.c.obj
 .group         0x00000000        0xc CMakeFiles/HW04_GPIO.dir/Src/stm32f1xx_hal_cortex.c.obj
 .group         0x00000000        0xc CMakeFiles/HW04_GPIO.dir/Src/stm32f1xx_hal_cortex.c.obj
 .group         0x00000000        0xc CMakeFiles/HW04_GPIO.dir/Src/stm32f1xx_hal_cortex.c.obj
 .group         0x00000000        0xc CMakeFiles/HW04_GPIO.dir/Src/stm32f1xx_hal_cortex.c.obj
 .group         0x00000000        0xc CMakeFiles/HW04_GPIO.dir/Src/stm32f1xx_hal_cortex.c.obj
 .group         0x00000000        0xc CMakeFiles/HW04_GPIO.dir/Src/stm32f1xx_hal_cortex.c.obj
 .group         0x00000000        0xc CMakeFiles/HW04_GPIO.dir/Src/stm32f1xx_hal_cortex.c.obj
 .group         0x00000000        0xc CMakeFiles/HW04_GPIO.dir/Src/stm32f1xx_hal_cortex.c.obj
 .group         0x00000000        0xc CMakeFiles/HW04_GPIO.dir/Src/stm32f1xx_hal_cortex.c.obj
 .group         0x00000000        0xc CMakeFiles/HW04_GPIO.dir/Src/stm32f1xx_hal_cortex.c.obj
 .group         0x00000000        0xc CMakeFiles/HW04_GPIO.dir/Src/stm32f1xx_hal_cortex.c.obj
 .group         0x00000000        0xc CMakeFiles/HW04_GPIO.dir/Src/stm32f1xx_hal_cortex.c.obj
 .group         0x00000000        0xc CMakeFiles/HW04_GPIO.dir/Src/stm32f1xx_hal_cortex.c.obj
 .group         0x00000000        0xc CMakeFiles/HW04_GPIO.dir/Src/stm32f1xx_hal_cortex.c.obj
 .group         0x00000000        0xc CMakeFiles/HW04_GPIO.dir/Src/stm32f1xx_hal_cortex.c.obj
 .group         0x00000000        0xc CMakeFiles/HW04_GPIO.dir/Src/stm32f1xx_hal_cortex.c.obj
 .group         0x00000000        0xc CMakeFiles/HW04_GPIO.dir/Src/stm32f1xx_hal_cortex.c.obj
 .group         0x00000000        0xc CMakeFiles/HW04_GPIO.dir/Src/stm32f1xx_hal_cortex.c.obj
 .group         0x00000000        0xc CMakeFiles/HW04_GPIO.dir/Src/stm32f1xx_hal_cortex.c.obj
 .group         0x00000000        0xc CMakeFiles/HW04_GPIO.dir/Src/stm32f1xx_hal_cortex.c.obj
 .group         0x00000000        0xc CMakeFiles/HW04_GPIO.dir/Src/stm32f1xx_hal_cortex.c.obj
 .group         0x00000000        0xc CMakeFiles/HW04_GPIO.dir/Src/stm32f1xx_hal_cortex.c.obj
 .group         0x00000000        0xc CMakeFiles/HW04_GPIO.dir/Src/stm32f1xx_hal_cortex.c.obj
 .group         0x00000000        0xc CMakeFiles/HW04_GPIO.dir/Src/stm32f1xx_hal_cortex.c.obj
 .group         0x00000000        0xc CMakeFiles/HW04_GPIO.dir/Src/stm32f1xx_hal_cortex.c.obj
 .group         0x00000000        0xc CMakeFiles/HW04_GPIO.dir/Src/stm32f1xx_hal_cortex.c.obj
 .group         0x00000000        0xc CMakeFiles/HW04_GPIO.dir/Src/stm32f1xx_hal_cortex.c.obj
 .group         0x00000000        0xc CMakeFiles/HW04_GPIO.dir/Src/stm32f1xx_hal_cortex.c.obj
 .group         0x00000000        0xc CMakeFiles/HW04_GPIO.dir/Src/stm32f1xx_hal_cortex.c.obj
 .group         0x00000000        0xc CMakeFiles/HW04_GPIO.dir/Src/stm32f1xx_hal_cortex.c.obj
 .group         0x00000000        0xc CMakeFiles/HW04_GPIO.dir/Src/stm32f1xx_hal_cortex.c.obj
 .group         0x00000000        0xc CMakeFiles/HW04_GPIO.dir/Src/stm32f1xx_hal_cortex.c.obj
 .group         0x00000000        0xc CMakeFiles/HW04_GPIO.dir/Src/stm32f1xx_hal_cortex.c.obj
 .group         0x00000000        0xc CMakeFiles/HW04_GPIO.dir/Src/stm32f1xx_hal_cortex.c.obj
 .group         0x00000000        0xc CMakeFiles/HW04_GPIO.dir/Src/stm32f1xx_hal_cortex.c.obj
 .group         0x00000000        0xc CMakeFiles/HW04_GPIO.dir/Src/stm32f1xx_hal_cortex.c.obj
 .group         0x00000000        0xc CMakeFiles/HW04_GPIO.dir/Src/stm32f1xx_hal_cortex.c.obj
 .text          0x00000000        0x0 CMakeFiles/HW04_GPIO.dir/Src/stm32f1xx_hal_cortex.c.obj
 .data          0x00000000        0x0 CMakeFiles/HW04_GPIO.dir/Src/stm32f1xx_hal_cortex.c.obj
 .bss           0x00000000        0x0 CMakeFiles/HW04_GPIO.dir/Src/stm32f1xx_hal_cortex.c.obj
 .text.__NVIC_EnableIRQ
                0x00000000       0x38 CMakeFiles/HW04_GPIO.dir/Src/stm32f1xx_hal_cortex.c.obj
 .text.__NVIC_DisableIRQ
                0x00000000       0x48 CMakeFiles/HW04_GPIO.dir/Src/stm32f1xx_hal_cortex.c.obj
 .text.__NVIC_GetPendingIRQ
                0x00000000       0x40 CMakeFiles/HW04_GPIO.dir/Src/stm32f1xx_hal_cortex.c.obj
 .text.__NVIC_SetPendingIRQ
                0x00000000       0x3c CMakeFiles/HW04_GPIO.dir/Src/stm32f1xx_hal_cortex.c.obj
 .text.__NVIC_ClearPendingIRQ
                0x00000000       0x3c CMakeFiles/HW04_GPIO.dir/Src/stm32f1xx_hal_cortex.c.obj
 .text.__NVIC_GetActive
                0x00000000       0x40 CMakeFiles/HW04_GPIO.dir/Src/stm32f1xx_hal_cortex.c.obj
 .text.__NVIC_GetPriority
                0x00000000       0x4c CMakeFiles/HW04_GPIO.dir/Src/stm32f1xx_hal_cortex.c.obj
 .text.NVIC_DecodePriority
                0x00000000       0x6c CMakeFiles/HW04_GPIO.dir/Src/stm32f1xx_hal_cortex.c.obj
 .text.__NVIC_SystemReset
                0x00000000       0x2c CMakeFiles/HW04_GPIO.dir/Src/stm32f1xx_hal_cortex.c.obj
 .text.HAL_NVIC_EnableIRQ
                0x00000000       0x1c CMakeFiles/HW04_GPIO.dir/Src/stm32f1xx_hal_cortex.c.obj
 .text.HAL_NVIC_DisableIRQ
                0x00000000       0x1c CMakeFiles/HW04_GPIO.dir/Src/stm32f1xx_hal_cortex.c.obj
 .text.HAL_NVIC_SystemReset
                0x00000000        0x8 CMakeFiles/HW04_GPIO.dir/Src/stm32f1xx_hal_cortex.c.obj
 .text.HAL_NVIC_GetPriorityGrouping
                0x00000000        0xe CMakeFiles/HW04_GPIO.dir/Src/stm32f1xx_hal_cortex.c.obj
 .text.HAL_NVIC_GetPriority
                0x00000000       0x2c CMakeFiles/HW04_GPIO.dir/Src/stm32f1xx_hal_cortex.c.obj
 .text.HAL_NVIC_SetPendingIRQ
                0x00000000       0x1c CMakeFiles/HW04_GPIO.dir/Src/stm32f1xx_hal_cortex.c.obj
 .text.HAL_NVIC_GetPendingIRQ
                0x00000000       0x1e CMakeFiles/HW04_GPIO.dir/Src/stm32f1xx_hal_cortex.c.obj
 .text.HAL_NVIC_ClearPendingIRQ
                0x00000000       0x1c CMakeFiles/HW04_GPIO.dir/Src/stm32f1xx_hal_cortex.c.obj
 .text.HAL_NVIC_GetActive
                0x00000000       0x1e CMakeFiles/HW04_GPIO.dir/Src/stm32f1xx_hal_cortex.c.obj
 .text.HAL_SYSTICK_CLKSourceConfig
                0x00000000       0x38 CMakeFiles/HW04_GPIO.dir/Src/stm32f1xx_hal_cortex.c.obj
 .text.HAL_SYSTICK_IRQHandler
                0x00000000        0xc CMakeFiles/HW04_GPIO.dir/Src/stm32f1xx_hal_cortex.c.obj
 .text.HAL_SYSTICK_Callback
                0x00000000        0xc CMakeFiles/HW04_GPIO.dir/Src/stm32f1xx_hal_cortex.c.obj
 .debug_macro   0x00000000      0xac6 CMakeFiles/HW04_GPIO.dir/Src/stm32f1xx_hal_cortex.c.obj
 .debug_macro   0x00000000      0x2cd CMakeFiles/HW04_GPIO.dir/Src/stm32f1xx_hal_cortex.c.obj
 .debug_macro   0x00000000       0x2e CMakeFiles/HW04_GPIO.dir/Src/stm32f1xx_hal_cortex.c.obj
 .debug_macro   0x00000000       0x22 CMakeFiles/HW04_GPIO.dir/Src/stm32f1xx_hal_cortex.c.obj
 .debug_macro   0x00000000       0x22 CMakeFiles/HW04_GPIO.dir/Src/stm32f1xx_hal_cortex.c.obj
 .debug_macro   0x00000000       0x8e CMakeFiles/HW04_GPIO.dir/Src/stm32f1xx_hal_cortex.c.obj
 .debug_macro   0x00000000       0x51 CMakeFiles/HW04_GPIO.dir/Src/stm32f1xx_hal_cortex.c.obj
 .debug_macro   0x00000000      0x103 CMakeFiles/HW04_GPIO.dir/Src/stm32f1xx_hal_cortex.c.obj
 .debug_macro   0x00000000       0x6a CMakeFiles/HW04_GPIO.dir/Src/stm32f1xx_hal_cortex.c.obj
 .debug_macro   0x00000000      0x1df CMakeFiles/HW04_GPIO.dir/Src/stm32f1xx_hal_cortex.c.obj
 .debug_macro   0x00000000       0x1c CMakeFiles/HW04_GPIO.dir/Src/stm32f1xx_hal_cortex.c.obj
 .debug_macro   0x00000000       0x22 CMakeFiles/HW04_GPIO.dir/Src/stm32f1xx_hal_cortex.c.obj
 .debug_macro   0x00000000       0xbd CMakeFiles/HW04_GPIO.dir/Src/stm32f1xx_hal_cortex.c.obj
 .debug_macro   0x00000000      0xd23 CMakeFiles/HW04_GPIO.dir/Src/stm32f1xx_hal_cortex.c.obj
 .debug_macro   0x00000000     0xe09e CMakeFiles/HW04_GPIO.dir/Src/stm32f1xx_hal_cortex.c.obj
 .debug_macro   0x00000000       0x6d CMakeFiles/HW04_GPIO.dir/Src/stm32f1xx_hal_cortex.c.obj
 .debug_macro   0x00000000     0x34a2 CMakeFiles/HW04_GPIO.dir/Src/stm32f1xx_hal_cortex.c.obj
 .debug_macro   0x00000000      0x190 CMakeFiles/HW04_GPIO.dir/Src/stm32f1xx_hal_cortex.c.obj
 .debug_macro   0x00000000       0x5c CMakeFiles/HW04_GPIO.dir/Src/stm32f1xx_hal_cortex.c.obj
 .debug_macro   0x00000000      0x5bc CMakeFiles/HW04_GPIO.dir/Src/stm32f1xx_hal_cortex.c.obj
 .debug_macro   0x00000000      0x289 CMakeFiles/HW04_GPIO.dir/Src/stm32f1xx_hal_cortex.c.obj
 .debug_macro   0x00000000      0x1cb CMakeFiles/HW04_GPIO.dir/Src/stm32f1xx_hal_cortex.c.obj
 .debug_macro   0x00000000      0x114 CMakeFiles/HW04_GPIO.dir/Src/stm32f1xx_hal_cortex.c.obj
 .debug_macro   0x00000000      0x1b2 CMakeFiles/HW04_GPIO.dir/Src/stm32f1xx_hal_cortex.c.obj
 .debug_macro   0x00000000       0x27 CMakeFiles/HW04_GPIO.dir/Src/stm32f1xx_hal_cortex.c.obj
 .debug_macro   0x00000000      0x136 CMakeFiles/HW04_GPIO.dir/Src/stm32f1xx_hal_cortex.c.obj
 .debug_macro   0x00000000      0x1bc CMakeFiles/HW04_GPIO.dir/Src/stm32f1xx_hal_cortex.c.obj
 .debug_macro   0x00000000       0x34 CMakeFiles/HW04_GPIO.dir/Src/stm32f1xx_hal_cortex.c.obj
 .debug_macro   0x00000000       0x3c CMakeFiles/HW04_GPIO.dir/Src/stm32f1xx_hal_cortex.c.obj
 .debug_macro   0x00000000      0x408 CMakeFiles/HW04_GPIO.dir/Src/stm32f1xx_hal_cortex.c.obj
 .debug_macro   0x00000000       0x57 CMakeFiles/HW04_GPIO.dir/Src/stm32f1xx_hal_cortex.c.obj
 .debug_macro   0x00000000      0x46a CMakeFiles/HW04_GPIO.dir/Src/stm32f1xx_hal_cortex.c.obj
 .debug_macro   0x00000000      0x1b5 CMakeFiles/HW04_GPIO.dir/Src/stm32f1xx_hal_cortex.c.obj
 .debug_macro   0x00000000       0x22 CMakeFiles/HW04_GPIO.dir/Src/stm32f1xx_hal_cortex.c.obj
 .debug_macro   0x00000000       0x87 CMakeFiles/HW04_GPIO.dir/Src/stm32f1xx_hal_cortex.c.obj
 .debug_macro   0x00000000      0x240 CMakeFiles/HW04_GPIO.dir/Src/stm32f1xx_hal_cortex.c.obj
 .debug_macro   0x00000000      0x287 CMakeFiles/HW04_GPIO.dir/Src/stm32f1xx_hal_cortex.c.obj
 .debug_macro   0x00000000       0x78 CMakeFiles/HW04_GPIO.dir/Src/stm32f1xx_hal_cortex.c.obj
 .debug_macro   0x00000000      0x140 CMakeFiles/HW04_GPIO.dir/Src/stm32f1xx_hal_cortex.c.obj
 .debug_macro   0x00000000      0x1ef CMakeFiles/HW04_GPIO.dir/Src/stm32f1xx_hal_cortex.c.obj
 .debug_macro   0x00000000       0xeb CMakeFiles/HW04_GPIO.dir/Src/stm32f1xx_hal_cortex.c.obj
 .debug_macro   0x00000000      0x217 CMakeFiles/HW04_GPIO.dir/Src/stm32f1xx_hal_cortex.c.obj
 .debug_macro   0x00000000      0x8ed CMakeFiles/HW04_GPIO.dir/Src/stm32f1xx_hal_cortex.c.obj
 .debug_macro   0x00000000      0x28e CMakeFiles/HW04_GPIO.dir/Src/stm32f1xx_hal_cortex.c.obj
 .debug_macro   0x00000000      0x217 CMakeFiles/HW04_GPIO.dir/Src/stm32f1xx_hal_cortex.c.obj
 .debug_macro   0x00000000      0x1a7 CMakeFiles/HW04_GPIO.dir/Src/stm32f1xx_hal_cortex.c.obj
 .debug_macro   0x00000000      0x2cd CMakeFiles/HW04_GPIO.dir/Src/stm32f1xx_hal_cortex.c.obj
 .debug_macro   0x00000000       0x8d CMakeFiles/HW04_GPIO.dir/Src/stm32f1xx_hal_cortex.c.obj
 .debug_macro   0x00000000       0xb7 CMakeFiles/HW04_GPIO.dir/Src/stm32f1xx_hal_cortex.c.obj
 .debug_macro   0x00000000      0x242 CMakeFiles/HW04_GPIO.dir/Src/stm32f1xx_hal_cortex.c.obj
 .debug_macro   0x00000000       0x83 CMakeFiles/HW04_GPIO.dir/Src/stm32f1xx_hal_cortex.c.obj
 .group         0x00000000        0xc CMakeFiles/HW04_GPIO.dir/Src/system_stm32f1xx.c.obj
 .group         0x00000000        0xc CMakeFiles/HW04_GPIO.dir/Src/system_stm32f1xx.c.obj
 .group         0x00000000        0xc CMakeFiles/HW04_GPIO.dir/Src/system_stm32f1xx.c.obj
 .group         0x00000000        0xc CMakeFiles/HW04_GPIO.dir/Src/system_stm32f1xx.c.obj
 .group         0x00000000        0xc CMakeFiles/HW04_GPIO.dir/Src/system_stm32f1xx.c.obj
 .group         0x00000000        0xc CMakeFiles/HW04_GPIO.dir/Src/system_stm32f1xx.c.obj
 .group         0x00000000        0xc CMakeFiles/HW04_GPIO.dir/Src/system_stm32f1xx.c.obj
 .group         0x00000000        0xc CMakeFiles/HW04_GPIO.dir/Src/system_stm32f1xx.c.obj
 .group         0x00000000        0xc CMakeFiles/HW04_GPIO.dir/Src/system_stm32f1xx.c.obj
 .group         0x00000000        0xc CMakeFiles/HW04_GPIO.dir/Src/system_stm32f1xx.c.obj
 .group         0x00000000        0xc CMakeFiles/HW04_GPIO.dir/Src/system_stm32f1xx.c.obj
 .group         0x00000000        0xc CMakeFiles/HW04_GPIO.dir/Src/system_stm32f1xx.c.obj
 .group         0x00000000        0xc CMakeFiles/HW04_GPIO.dir/Src/system_stm32f1xx.c.obj
 .group         0x00000000        0xc CMakeFiles/HW04_GPIO.dir/Src/system_stm32f1xx.c.obj
 .group         0x00000000        0xc CMakeFiles/HW04_GPIO.dir/Src/system_stm32f1xx.c.obj
 .group         0x00000000        0xc CMakeFiles/HW04_GPIO.dir/Src/system_stm32f1xx.c.obj
 .group         0x00000000        0xc CMakeFiles/HW04_GPIO.dir/Src/system_stm32f1xx.c.obj
 .group         0x00000000        0xc CMakeFiles/HW04_GPIO.dir/Src/system_stm32f1xx.c.obj
 .group         0x00000000        0xc CMakeFiles/HW04_GPIO.dir/Src/system_stm32f1xx.c.obj
 .group         0x00000000        0xc CMakeFiles/HW04_GPIO.dir/Src/system_stm32f1xx.c.obj
 .group         0x00000000        0xc CMakeFiles/HW04_GPIO.dir/Src/system_stm32f1xx.c.obj
 .group         0x00000000        0xc CMakeFiles/HW04_GPIO.dir/Src/system_stm32f1xx.c.obj
 .group         0x00000000        0xc CMakeFiles/HW04_GPIO.dir/Src/system_stm32f1xx.c.obj
 .group         0x00000000        0xc CMakeFiles/HW04_GPIO.dir/Src/system_stm32f1xx.c.obj
 .group         0x00000000        0xc CMakeFiles/HW04_GPIO.dir/Src/system_stm32f1xx.c.obj
 .group         0x00000000        0xc CMakeFiles/HW04_GPIO.dir/Src/system_stm32f1xx.c.obj
 .group         0x00000000        0xc CMakeFiles/HW04_GPIO.dir/Src/system_stm32f1xx.c.obj
 .group         0x00000000        0xc CMakeFiles/HW04_GPIO.dir/Src/system_stm32f1xx.c.obj
 .group         0x00000000        0xc CMakeFiles/HW04_GPIO.dir/Src/system_stm32f1xx.c.obj
 .group         0x00000000        0xc CMakeFiles/HW04_GPIO.dir/Src/system_stm32f1xx.c.obj
 .group         0x00000000        0xc CMakeFiles/HW04_GPIO.dir/Src/system_stm32f1xx.c.obj
 .group         0x00000000        0xc CMakeFiles/HW04_GPIO.dir/Src/system_stm32f1xx.c.obj
 .group         0x00000000        0xc CMakeFiles/HW04_GPIO.dir/Src/system_stm32f1xx.c.obj
 .group         0x00000000        0xc CMakeFiles/HW04_GPIO.dir/Src/system_stm32f1xx.c.obj
 .group         0x00000000        0xc CMakeFiles/HW04_GPIO.dir/Src/system_stm32f1xx.c.obj
 .group         0x00000000        0xc CMakeFiles/HW04_GPIO.dir/Src/system_stm32f1xx.c.obj
 .group         0x00000000        0xc CMakeFiles/HW04_GPIO.dir/Src/system_stm32f1xx.c.obj
 .group         0x00000000        0xc CMakeFiles/HW04_GPIO.dir/Src/system_stm32f1xx.c.obj
 .group         0x00000000        0xc CMakeFiles/HW04_GPIO.dir/Src/system_stm32f1xx.c.obj
 .group         0x00000000        0xc CMakeFiles/HW04_GPIO.dir/Src/system_stm32f1xx.c.obj
 .group         0x00000000        0xc CMakeFiles/HW04_GPIO.dir/Src/system_stm32f1xx.c.obj
 .group         0x00000000        0xc CMakeFiles/HW04_GPIO.dir/Src/system_stm32f1xx.c.obj
 .group         0x00000000        0xc CMakeFiles/HW04_GPIO.dir/Src/system_stm32f1xx.c.obj
 .group         0x00000000        0xc CMakeFiles/HW04_GPIO.dir/Src/system_stm32f1xx.c.obj
 .group         0x00000000        0xc CMakeFiles/HW04_GPIO.dir/Src/system_stm32f1xx.c.obj
 .group         0x00000000        0xc CMakeFiles/HW04_GPIO.dir/Src/system_stm32f1xx.c.obj
 .group         0x00000000        0xc CMakeFiles/HW04_GPIO.dir/Src/system_stm32f1xx.c.obj
 .group         0x00000000        0xc CMakeFiles/HW04_GPIO.dir/Src/system_stm32f1xx.c.obj
 .group         0x00000000        0xc CMakeFiles/HW04_GPIO.dir/Src/system_stm32f1xx.c.obj
 .group         0x00000000        0xc CMakeFiles/HW04_GPIO.dir/Src/system_stm32f1xx.c.obj
 .group         0x00000000        0xc CMakeFiles/HW04_GPIO.dir/Src/system_stm32f1xx.c.obj
 .text          0x00000000        0x0 CMakeFiles/HW04_GPIO.dir/Src/system_stm32f1xx.c.obj
 .data          0x00000000        0x0 CMakeFiles/HW04_GPIO.dir/Src/system_stm32f1xx.c.obj
 .bss           0x00000000        0x0 CMakeFiles/HW04_GPIO.dir/Src/system_stm32f1xx.c.obj
 .rodata.APBPrescTable
                0x00000000        0x8 CMakeFiles/HW04_GPIO.dir/Src/system_stm32f1xx.c.obj
 .text.SystemCoreClockUpdate
                0x00000000       0xe4 CMakeFiles/HW04_GPIO.dir/Src/system_stm32f1xx.c.obj
 .debug_macro   0x00000000      0xac6 CMakeFiles/HW04_GPIO.dir/Src/system_stm32f1xx.c.obj
 .debug_macro   0x00000000       0x2e CMakeFiles/HW04_GPIO.dir/Src/system_stm32f1xx.c.obj
 .debug_macro   0x00000000       0x22 CMakeFiles/HW04_GPIO.dir/Src/system_stm32f1xx.c.obj
 .debug_macro   0x00000000       0x22 CMakeFiles/HW04_GPIO.dir/Src/system_stm32f1xx.c.obj
 .debug_macro   0x00000000       0x8e CMakeFiles/HW04_GPIO.dir/Src/system_stm32f1xx.c.obj
 .debug_macro   0x00000000       0x51 CMakeFiles/HW04_GPIO.dir/Src/system_stm32f1xx.c.obj
 .debug_macro   0x00000000      0x103 CMakeFiles/HW04_GPIO.dir/Src/system_stm32f1xx.c.obj
 .debug_macro   0x00000000       0x6a CMakeFiles/HW04_GPIO.dir/Src/system_stm32f1xx.c.obj
 .debug_macro   0x00000000      0x1df CMakeFiles/HW04_GPIO.dir/Src/system_stm32f1xx.c.obj
 .debug_macro   0x00000000       0x1c CMakeFiles/HW04_GPIO.dir/Src/system_stm32f1xx.c.obj
 .debug_macro   0x00000000       0x22 CMakeFiles/HW04_GPIO.dir/Src/system_stm32f1xx.c.obj
 .debug_macro   0x00000000       0xbd CMakeFiles/HW04_GPIO.dir/Src/system_stm32f1xx.c.obj
 .debug_macro   0x00000000      0xd23 CMakeFiles/HW04_GPIO.dir/Src/system_stm32f1xx.c.obj
 .debug_macro   0x00000000     0xe09e CMakeFiles/HW04_GPIO.dir/Src/system_stm32f1xx.c.obj
 .debug_macro   0x00000000       0x6d CMakeFiles/HW04_GPIO.dir/Src/system_stm32f1xx.c.obj
 .debug_macro   0x00000000      0x2cd CMakeFiles/HW04_GPIO.dir/Src/system_stm32f1xx.c.obj
 .debug_macro   0x00000000     0x34a2 CMakeFiles/HW04_GPIO.dir/Src/system_stm32f1xx.c.obj
 .debug_macro   0x00000000      0x190 CMakeFiles/HW04_GPIO.dir/Src/system_stm32f1xx.c.obj
 .debug_macro   0x00000000       0x5c CMakeFiles/HW04_GPIO.dir/Src/system_stm32f1xx.c.obj
 .debug_macro   0x00000000      0x5bc CMakeFiles/HW04_GPIO.dir/Src/system_stm32f1xx.c.obj
 .debug_macro   0x00000000      0x289 CMakeFiles/HW04_GPIO.dir/Src/system_stm32f1xx.c.obj
 .debug_macro   0x00000000      0x1cb CMakeFiles/HW04_GPIO.dir/Src/system_stm32f1xx.c.obj
 .debug_macro   0x00000000      0x114 CMakeFiles/HW04_GPIO.dir/Src/system_stm32f1xx.c.obj
 .debug_macro   0x00000000      0x1b2 CMakeFiles/HW04_GPIO.dir/Src/system_stm32f1xx.c.obj
 .debug_macro   0x00000000       0x27 CMakeFiles/HW04_GPIO.dir/Src/system_stm32f1xx.c.obj
 .debug_macro   0x00000000      0x136 CMakeFiles/HW04_GPIO.dir/Src/system_stm32f1xx.c.obj
 .debug_macro   0x00000000      0x1bc CMakeFiles/HW04_GPIO.dir/Src/system_stm32f1xx.c.obj
 .debug_macro   0x00000000       0x34 CMakeFiles/HW04_GPIO.dir/Src/system_stm32f1xx.c.obj
 .debug_macro   0x00000000       0x3c CMakeFiles/HW04_GPIO.dir/Src/system_stm32f1xx.c.obj
 .debug_macro   0x00000000      0x408 CMakeFiles/HW04_GPIO.dir/Src/system_stm32f1xx.c.obj
 .debug_macro   0x00000000       0x57 CMakeFiles/HW04_GPIO.dir/Src/system_stm32f1xx.c.obj
 .debug_macro   0x00000000      0x46a CMakeFiles/HW04_GPIO.dir/Src/system_stm32f1xx.c.obj
 .debug_macro   0x00000000      0x1b5 CMakeFiles/HW04_GPIO.dir/Src/system_stm32f1xx.c.obj
 .debug_macro   0x00000000       0x22 CMakeFiles/HW04_GPIO.dir/Src/system_stm32f1xx.c.obj
 .debug_macro   0x00000000       0x87 CMakeFiles/HW04_GPIO.dir/Src/system_stm32f1xx.c.obj
 .debug_macro   0x00000000      0x240 CMakeFiles/HW04_GPIO.dir/Src/system_stm32f1xx.c.obj
 .debug_macro   0x00000000      0x287 CMakeFiles/HW04_GPIO.dir/Src/system_stm32f1xx.c.obj
 .debug_macro   0x00000000       0x78 CMakeFiles/HW04_GPIO.dir/Src/system_stm32f1xx.c.obj
 .debug_macro   0x00000000      0x140 CMakeFiles/HW04_GPIO.dir/Src/system_stm32f1xx.c.obj
 .debug_macro   0x00000000      0x1ef CMakeFiles/HW04_GPIO.dir/Src/system_stm32f1xx.c.obj
 .debug_macro   0x00000000       0xeb CMakeFiles/HW04_GPIO.dir/Src/system_stm32f1xx.c.obj
 .debug_macro   0x00000000      0x217 CMakeFiles/HW04_GPIO.dir/Src/system_stm32f1xx.c.obj
 .debug_macro   0x00000000      0x8ed CMakeFiles/HW04_GPIO.dir/Src/system_stm32f1xx.c.obj
 .debug_macro   0x00000000      0x28e CMakeFiles/HW04_GPIO.dir/Src/system_stm32f1xx.c.obj
 .debug_macro   0x00000000      0x217 CMakeFiles/HW04_GPIO.dir/Src/system_stm32f1xx.c.obj
 .debug_macro   0x00000000      0x1a7 CMakeFiles/HW04_GPIO.dir/Src/system_stm32f1xx.c.obj
 .debug_macro   0x00000000      0x2cd CMakeFiles/HW04_GPIO.dir/Src/system_stm32f1xx.c.obj
 .debug_macro   0x00000000       0x8d CMakeFiles/HW04_GPIO.dir/Src/system_stm32f1xx.c.obj
 .debug_macro   0x00000000       0xb7 CMakeFiles/HW04_GPIO.dir/Src/system_stm32f1xx.c.obj
 .debug_macro   0x00000000      0x242 CMakeFiles/HW04_GPIO.dir/Src/system_stm32f1xx.c.obj
 .debug_macro   0x00000000       0x83 CMakeFiles/HW04_GPIO.dir/Src/system_stm32f1xx.c.obj
 .text          0x00000000        0x0 C:/PROGRA~2/ARMGNU~1/14EFD8~1.2RE/bin/../lib/gcc/arm-none-eabi/14.2.1/thumb/v7-m/nofp\libc_nano.a(libc_a-memset.o)
 .data          0x00000000        0x0 C:/PROGRA~2/ARMGNU~1/14EFD8~1.2RE/bin/../lib/gcc/arm-none-eabi/14.2.1/thumb/v7-m/nofp\libc_nano.a(libc_a-memset.o)
 .bss           0x00000000        0x0 C:/PROGRA~2/ARMGNU~1/14EFD8~1.2RE/bin/../lib/gcc/arm-none-eabi/14.2.1/thumb/v7-m/nofp\libc_nano.a(libc_a-memset.o)
 .text          0x00000000        0x0 C:/PROGRA~2/ARMGNU~1/14EFD8~1.2RE/bin/../lib/gcc/arm-none-eabi/14.2.1/thumb/v7-m/nofp\libc_nano.a(libc_a-init.o)
 .data          0x00000000        0x0 C:/PROGRA~2/ARMGNU~1/14EFD8~1.2RE/bin/../lib/gcc/arm-none-eabi/14.2.1/thumb/v7-m/nofp\libc_nano.a(libc_a-init.o)
 .bss           0x00000000        0x0 C:/PROGRA~2/ARMGNU~1/14EFD8~1.2RE/bin/../lib/gcc/arm-none-eabi/14.2.1/thumb/v7-m/nofp\libc_nano.a(libc_a-init.o)

Memory Configuration

Name             Origin             Length             Attributes
RAM              0x20000000         0x00005000         xrw
FLASH            0x08000000         0x00010000         xr
*default*        0x00000000         0xffffffff

Linker script and memory map

LOAD CMakeFiles/HW04_GPIO.dir/startup_stm32f103xb.s.obj
LOAD CMakeFiles/HW04_GPIO.dir/Src/main.c.obj
LOAD CMakeFiles/HW04_GPIO.dir/Src/stm32f1xx_hal.c.obj
LOAD CMakeFiles/HW04_GPIO.dir/Src/stm32f1xx_hal_gpio.c.obj
LOAD CMakeFiles/HW04_GPIO.dir/Src/stm32f1xx_hal_rcc.c.obj
LOAD CMakeFiles/HW04_GPIO.dir/Src/stm32f1xx_hal_cortex.c.obj
LOAD CMakeFiles/HW04_GPIO.dir/Src/system_stm32f1xx.c.obj
START GROUP
LOAD C:/PROGRA~2/ARMGNU~1/14EFD8~1.2RE/bin/../lib/gcc/arm-none-eabi/14.2.1/thumb/v7-m/nofp\libgcc.a
LOAD C:/PROGRA~2/ARMGNU~1/14EFD8~1.2RE/bin/../lib/gcc/arm-none-eabi/14.2.1/thumb/v7-m/nofp\libc_nano.a
END GROUP
START GROUP
LOAD C:/PROGRA~2/ARMGNU~1/14EFD8~1.2RE/bin/../lib/gcc/arm-none-eabi/14.2.1/thumb/v7-m/nofp\libgcc.a
LOAD C:/PROGRA~2/ARMGNU~1/14EFD8~1.2RE/bin/../lib/gcc/arm-none-eabi/14.2.1/thumb/v7-m/nofp\libc_nano.a
END GROUP
                0x20005000                        _estack = (ORIGIN (RAM) + LENGTH (RAM))

.isr_vector     0x08000000      0x10c
                0x08000000                        . = ALIGN (0x4)
 *(.isr_vector)
 .isr_vector    0x08000000      0x10c CMakeFiles/HW04_GPIO.dir/startup_stm32f103xb.s.obj
                0x08000000                g_pfnVectors
                0x0800010c                        . = ALIGN (0x4)

.text           0x0800010c     0x1254
                0x0800010c                        . = ALIGN (0x4)
 *(.text)
 *(.text*)
 .text.Reset_Handler
                0x0800010c       0x48 CMakeFiles/HW04_GPIO.dir/startup_stm32f103xb.s.obj
                0x0800010c                Reset_Handler
 .text.Default_Handler
                0x08000154        0x2 CMakeFiles/HW04_GPIO.dir/startup_stm32f103xb.s.obj
                0x08000154                RTC_Alarm_IRQHandler
                0x08000154                EXTI2_IRQHandler
                0x08000154                DebugMon_Handler
                0x08000154                TIM1_CC_IRQHandler
                0x08000154                HardFault_Handler
                0x08000154                PVD_IRQHandler
                0x08000154                PendSV_Handler
                0x08000154                NMI_Handler
                0x08000154                EXTI3_IRQHandler
                0x08000154                EXTI0_IRQHandler
                0x08000154                I2C2_EV_IRQHandler
                0x08000154                UsageFault_Handler
                0x08000154                ADC1_2_IRQHandler
                0x08000154                SPI1_IRQHandler
                0x08000154                TAMPER_IRQHandler
                0x08000154                DMA1_Channel4_IRQHandler
                0x08000154                USART3_IRQHandler
                0x08000154                RTC_IRQHandler
                0x08000154                DMA1_Channel7_IRQHandler
                0x08000154                CAN1_RX1_IRQHandler
                0x08000154                TIM4_IRQHandler
                0x08000154                I2C1_EV_IRQHandler
                0x08000154                DMA1_Channel6_IRQHandler
                0x08000154                TIM3_IRQHandler
                0x08000154                RCC_IRQHandler
                0x08000154                TIM1_TRG_COM_IRQHandler
                0x08000154                DMA1_Channel1_IRQHandler
                0x08000154                Default_Handler
                0x08000154                EXTI15_10_IRQHandler
                0x08000154                EXTI9_5_IRQHandler
                0x08000154                SPI2_IRQHandler
                0x08000154                MemManage_Handler
                0x08000154                SVC_Handler
                0x08000154                DMA1_Channel5_IRQHandler
                0x08000154                EXTI4_IRQHandler
                0x08000154                USB_LP_CAN1_RX0_IRQHandler
                0x08000154                USB_HP_CAN1_TX_IRQHandler
                0x08000154                DMA1_Channel3_IRQHandler
                0x08000154                TIM1_UP_IRQHandler
                0x08000154                WWDG_IRQHandler
                0x08000154                TIM2_IRQHandler
                0x08000154                TIM1_BRK_IRQHandler
                0x08000154                EXTI1_IRQHandler
                0x08000154                USART2_IRQHandler
                0x08000154                I2C2_ER_IRQHandler
                0x08000154                DMA1_Channel2_IRQHandler
                0x08000154                CAN1_SCE_IRQHandler
                0x08000154                FLASH_IRQHandler
                0x08000154                BusFault_Handler
                0x08000154                USART1_IRQHandler
                0x08000154                I2C1_ER_IRQHandler
                0x08000154                USBWakeUp_IRQHandler
 .text._init    0x08000156        0xc CMakeFiles/HW04_GPIO.dir/Src/main.c.obj
                0x08000156                _init
 .text._fini    0x08000162        0xc CMakeFiles/HW04_GPIO.dir/Src/main.c.obj
                0x08000162                _fini
 *fill*         0x0800016e        0x2 
 .text.main     0x08000170       0xfc CMakeFiles/HW04_GPIO.dir/Src/main.c.obj
                0x08000170                main
 .text.Keypad_Scan
                0x0800026c       0xa0 CMakeFiles/HW04_GPIO.dir/Src/main.c.obj
 .text.MX_GPIO_Init_LED
                0x0800030c       0x84 CMakeFiles/HW04_GPIO.dir/Src/main.c.obj
 .text.MX_GPIO_Init_Button
                0x08000390       0x54 CMakeFiles/HW04_GPIO.dir/Src/main.c.obj
 .text.MX_GPIO_Init_Keypad
                0x080003e4       0x88 CMakeFiles/HW04_GPIO.dir/Src/main.c.obj
 .text.SystemClock_Config
                0x0800046c       0x72 CMakeFiles/HW04_GPIO.dir/Src/main.c.obj
                0x0800046c                SystemClock_Config
 .text.HAL_MspInit
                0x080004de        0xc CMakeFiles/HW04_GPIO.dir/Src/main.c.obj
                0x080004de                HAL_MspInit
 .text.SysTick_Handler
                0x080004ea        0xc CMakeFiles/HW04_GPIO.dir/Src/main.c.obj
                0x080004ea                SysTick_Handler
 *fill*         0x080004f6        0x2 
 .text.HAL_Init
                0x080004f8       0x2c CMakeFiles/HW04_GPIO.dir/Src/stm32f1xx_hal.c.obj
                0x080004f8                HAL_Init
 .text.HAL_InitTick
                0x08000524       0x60 CMakeFiles/HW04_GPIO.dir/Src/stm32f1xx_hal.c.obj
                0x08000524                HAL_InitTick
 .text.HAL_IncTick
                0x08000584       0x24 CMakeFiles/HW04_GPIO.dir/Src/stm32f1xx_hal.c.obj
                0x08000584                HAL_IncTick
 .text.HAL_GetTick
                0x080005a8       0x14 CMakeFiles/HW04_GPIO.dir/Src/stm32f1xx_hal.c.obj
                0x080005a8                HAL_GetTick
 .text.HAL_GPIO_Init
                0x080005bc      0x308 CMakeFiles/HW04_GPIO.dir/Src/stm32f1xx_hal_gpio.c.obj
                0x080005bc                HAL_GPIO_Init
 .text.HAL_GPIO_ReadPin
                0x080008c4       0x2e CMakeFiles/HW04_GPIO.dir/Src/stm32f1xx_hal_gpio.c.obj
                0x080008c4                HAL_GPIO_ReadPin
 .text.HAL_GPIO_WritePin
                0x080008f2       0x30 CMakeFiles/HW04_GPIO.dir/Src/stm32f1xx_hal_gpio.c.obj
                0x080008f2                HAL_GPIO_WritePin
 .text.HAL_GPIO_TogglePin
                0x08000922       0x32 CMakeFiles/HW04_GPIO.dir/Src/stm32f1xx_hal_gpio.c.obj
                0x08000922                HAL_GPIO_TogglePin
 .text.HAL_RCC_OscConfig
                0x08000954      0x504 CMakeFiles/HW04_GPIO.dir/Src/stm32f1xx_hal_rcc.c.obj
                0x08000954                HAL_RCC_OscConfig
 .text.HAL_RCC_ClockConfig
                0x08000e58      0x1d4 CMakeFiles/HW04_GPIO.dir/Src/stm32f1xx_hal_rcc.c.obj
                0x08000e58                HAL_RCC_ClockConfig
 .text.HAL_RCC_GetSysClockFreq
                0x0800102c       0xa8 CMakeFiles/HW04_GPIO.dir/Src/stm32f1xx_hal_rcc.c.obj
                0x0800102c                HAL_RCC_GetSysClockFreq
 .text.RCC_Delay
                0x080010d4       0x3c CMakeFiles/HW04_GPIO.dir/Src/stm32f1xx_hal_rcc.c.obj
 .text.__NVIC_SetPriorityGrouping
                0x08001110       0x48 CMakeFiles/HW04_GPIO.dir/Src/stm32f1xx_hal_cortex.c.obj
 .text.__NVIC_GetPriorityGrouping
                0x08001158       0x1c CMakeFiles/HW04_GPIO.dir/Src/stm32f1xx_hal_cortex.c.obj
 .text.__NVIC_SetPriority
                0x08001174       0x54 CMakeFiles/HW04_GPIO.dir/Src/stm32f1xx_hal_cortex.c.obj
 .text.NVIC_EncodePriority
                0x080011c8       0x64 CMakeFiles/HW04_GPIO.dir/Src/stm32f1xx_hal_cortex.c.obj
 .text.SysTick_Config
                0x0800122c       0x44 CMakeFiles/HW04_GPIO.dir/Src/stm32f1xx_hal_cortex.c.obj
 .text.HAL_NVIC_SetPriorityGrouping
                0x08001270       0x16 CMakeFiles/HW04_GPIO.dir/Src/stm32f1xx_hal_cortex.c.obj
                0x08001270                HAL_NVIC_SetPriorityGrouping
 .text.HAL_NVIC_SetPriority
                0x08001286       0x38 CMakeFiles/HW04_GPIO.dir/Src/stm32f1xx_hal_cortex.c.obj
                0x08001286                HAL_NVIC_SetPriority
 .text.HAL_SYSTICK_Config
                0x080012be       0x18 CMakeFiles/HW04_GPIO.dir/Src/stm32f1xx_hal_cortex.c.obj
                0x080012be                HAL_SYSTICK_Config
 .text.SystemInit
                0x080012d6        0xc CMakeFiles/HW04_GPIO.dir/Src/system_stm32f1xx.c.obj
                0x080012d6                SystemInit
 .text.memset   0x080012e2       0x10 C:/PROGRA~2/ARMGNU~1/14EFD8~1.2RE/bin/../lib/gcc/arm-none-eabi/14.2.1/thumb/v7-m/nofp\libc_nano.a(libc_a-memset.o)
                0x080012e2                memset
 *fill*         0x080012f2        0x2 
 .text.__libc_init_array
                0x080012f4       0x48 C:/PROGRA~2/ARMGNU~1/14EFD8~1.2RE/bin/../lib/gcc/arm-none-eabi/14.2.1/thumb/v7-m/nofp\libc_nano.a(libc_a-init.o)
                0x080012f4                __libc_init_array
 *(.rodata)
 *(.rodata*)
 .rodata.aPLLMULFactorTable.1
                0x0800133c       0x10 CMakeFiles/HW04_GPIO.dir/Src/stm32f1xx_hal_rcc.c.obj
 .rodata.aPredivFactorTable.0
                0x0800134c        0x2 CMakeFiles/HW04_GPIO.dir/Src/stm32f1xx_hal_rcc.c.obj
 *fill*         0x0800134e        0x2 
 .rodata.AHBPrescTable
                0x08001350       0x10 CMakeFiles/HW04_GPIO.dir/Src/system_stm32f1xx.c.obj
                0x08001350                AHBPrescTable
                0x08001360                        . = ALIGN (0x4)
                0x08001360                        _etext = .
                0x08001360                        _sidata = LOADADDR (.data)

.glue_7         0x08001360        0x0
 .glue_7        0x08001360        0x0 linker stubs

.glue_7t        0x08001360        0x0
 .glue_7t       0x08001360        0x0 linker stubs

.vfp11_veneer   0x08001360        0x0
 .vfp11_veneer  0x08001360        0x0 linker stubs

.v4_bx          0x08001360        0x0
 .v4_bx         0x08001360        0x0 linker stubs

.iplt           0x08001360        0x0
 .iplt          0x08001360        0x0 CMakeFiles/HW04_GPIO.dir/startup_stm32f103xb.s.obj

.rel.dyn        0x08001360        0x0
 .rel.iplt      0x08001360        0x0 CMakeFiles/HW04_GPIO.dir/startup_stm32f103xb.s.obj

.data           0x20000000        0xc load address 0x08001360
                0x20000000                        . = ALIGN (0x4)
                0x20000000                        _sdata = .
 *(.data)
 *(.data*)
 .data.uwTickPrio
                0x20000000        0x4 CMakeFiles/HW04_GPIO.dir/Src/stm32f1xx_hal.c.obj
                0x20000000                uwTickPrio
 .data.uwTickFreq
                0x20000004        0x1 CMakeFiles/HW04_GPIO.dir/Src/stm32f1xx_hal.c.obj
                0x20000004                uwTickFreq
 *fill*         0x20000005        0x3 
 .data.SystemCoreClock
                0x20000008        0x4 CMakeFiles/HW04_GPIO.dir/Src/system_stm32f1xx.c.obj
                0x20000008                SystemCoreClock
                0x2000000c                        . = ALIGN (0x4)
                0x2000000c                        _edata = .

.igot.plt       0x2000000c        0x0 load address 0x0800136c
 .igot.plt      0x2000000c        0x0 CMakeFiles/HW04_GPIO.dir/startup_stm32f103xb.s.obj

.bss            0x2000000c        0x4 load address 0x0800136c
                0x2000000c                        . = ALIGN (0x4)
                0x2000000c                        _sbss = .
 *(.bss)
 *(.bss*)
 .bss.uwTick    0x2000000c        0x4 CMakeFiles/HW04_GPIO.dir/Src/stm32f1xx_hal.c.obj
                0x2000000c                uwTick
 *(COMMON)
                0x20000010                        . = ALIGN (0x4)
                0x20000010                        _ebss = .

._user_heap_stack
                0x20000010      0x200 load address 0x0800136c
                0x20000010                        . = ALIGN (0x8)
                0x20000210                        . = (. + 0x200)
 *fill*         0x20000010      0x200 
                0x20000210                        . = ALIGN (0x8)
OUTPUT(HW04_GPIO.elf elf32-littlearm)
LOAD linker stubs

.ARM.attributes
                0x00000000       0x2f
 .ARM.attributes
                0x00000000       0x21 CMakeFiles/HW04_GPIO.dir/startup_stm32f103xb.s.obj
 .ARM.attributes
                0x00000021       0x2d CMakeFiles/HW04_GPIO.dir/Src/main.c.obj
 .ARM.attributes
                0x0000004e       0x2d CMakeFiles/HW04_GPIO.dir/Src/stm32f1xx_hal.c.obj
 .ARM.attributes
                0x0000007b       0x2d CMakeFiles/HW04_GPIO.dir/Src/stm32f1xx_hal_gpio.c.obj
 .ARM.attributes
                0x000000a8       0x2d CMakeFiles/HW04_GPIO.dir/Src/stm32f1xx_hal_rcc.c.obj
 .ARM.attributes
                0x000000d5       0x2d CMakeFiles/HW04_GPIO.dir/Src/stm32f1xx_hal_cortex.c.obj
 .ARM.attributes
                0x00000102       0x2d CMakeFiles/HW04_GPIO.dir/Src/system_stm32f1xx.c.obj
 .ARM.attributes
                0x0000012f       0x2d C:/PROGRA~2/ARMGNU~1/14EFD8~1.2RE/bin/../lib/gcc/arm-none-eabi/14.2.1/thumb/v7-m/nofp\libc_nano.a(libc_a-memset.o)
 .ARM.attributes
                0x0000015c       0x2d C:/PROGRA~2/ARMGNU~1/14EFD8~1.2RE/bin/../lib/gcc/arm-none-eabi/14.2.1/thumb/v7-m/nofp\libc_nano.a(libc_a-init.o)

.comment        0x00000000       0x45
 .comment       0x00000000       0x45 CMakeFiles/HW04_GPIO.dir/Src/main.c.obj
                                 0x46 (size before relaxing)
 .comment       0x00000045       0x46 CMakeFiles/HW04_GPIO.dir/Src/stm32f1xx_hal.c.obj
 .comment       0x00000045       0x46 CMakeFiles/HW04_GPIO.dir/Src/stm32f1xx_hal_gpio.c.obj
 .comment       0x00000045       0x46 CMakeFiles/HW04_GPIO.dir/Src/stm32f1xx_hal_rcc.c.obj
 .comment       0x00000045       0x46 CMakeFiles/HW04_GPIO.dir/Src/stm32f1xx_hal_cortex.c.obj
 .comment       0x00000045       0x46 CMakeFiles/HW04_GPIO.dir/Src/system_stm32f1xx.c.obj

.debug_line     0x00000000     0x3e8a
 .debug_line    0x00000000       0x78 CMakeFiles/HW04_GPIO.dir/startup_stm32f103xb.s.obj
 .debug_line    0x00000078      0x8f9 CMakeFiles/HW04_GPIO.dir/Src/main.c.obj
 .debug_line    0x00000971      0x9aa CMakeFiles/HW04_GPIO.dir/Src/stm32f1xx_hal.c.obj
 .debug_line    0x0000131b      0xa07 CMakeFiles/HW04_GPIO.dir/Src/stm32f1xx_hal_gpio.c.obj
 .debug_line    0x00001d22      0xe63 CMakeFiles/HW04_GPIO.dir/Src/stm32f1xx_hal_rcc.c.obj
 .debug_line    0x00002b85      0xb74 CMakeFiles/HW04_GPIO.dir/Src/stm32f1xx_hal_cortex.c.obj
 .debug_line    0x000036f9      0x791 CMakeFiles/HW04_GPIO.dir/Src/system_stm32f1xx.c.obj

.debug_line_str
                0x00000000       0x76
 .debug_line_str
                0x00000000       0x76 CMakeFiles/HW04_GPIO.dir/startup_stm32f103xb.s.obj

.debug_info     0x00000000     0x2799
 .debug_info    0x00000000       0x30 CMakeFiles/HW04_GPIO.dir/startup_stm32f103xb.s.obj
 .debug_info    0x00000030      0x628 CMakeFiles/HW04_GPIO.dir/Src/main.c.obj
 .debug_info    0x00000658      0x704 CMakeFiles/HW04_GPIO.dir/Src/stm32f1xx_hal.c.obj
 .debug_info    0x00000d5c      0x5ab CMakeFiles/HW04_GPIO.dir/Src/stm32f1xx_hal_gpio.c.obj
 .debug_info    0x00001307      0x7e9 CMakeFiles/HW04_GPIO.dir/Src/stm32f1xx_hal_rcc.c.obj
 .debug_info    0x00001af0      0xa87 CMakeFiles/HW04_GPIO.dir/Src/stm32f1xx_hal_cortex.c.obj
 .debug_info    0x00002577      0x222 CMakeFiles/HW04_GPIO.dir/Src/system_stm32f1xx.c.obj

.debug_abbrev   0x00000000      0xd09
 .debug_abbrev  0x00000000       0x24 CMakeFiles/HW04_GPIO.dir/startup_stm32f103xb.s.obj
 .debug_abbrev  0x00000024      0x230 CMakeFiles/HW04_GPIO.dir/Src/main.c.obj
 .debug_abbrev  0x00000254      0x201 CMakeFiles/HW04_GPIO.dir/Src/stm32f1xx_hal.c.obj
 .debug_abbrev  0x00000455      0x1ca CMakeFiles/HW04_GPIO.dir/Src/stm32f1xx_hal_gpio.c.obj
 .debug_abbrev  0x0000061f      0x2b3 CMakeFiles/HW04_GPIO.dir/Src/stm32f1xx_hal_rcc.c.obj
 .debug_abbrev  0x000008d2      0x2f8 CMakeFiles/HW04_GPIO.dir/Src/stm32f1xx_hal_cortex.c.obj
 .debug_abbrev  0x00000bca      0x13f CMakeFiles/HW04_GPIO.dir/Src/system_stm32f1xx.c.obj

.debug_aranges  0x00000000      0x380
 .debug_aranges
                0x00000000       0x28 CMakeFiles/HW04_GPIO.dir/startup_stm32f103xb.s.obj
 .debug_aranges
                0x00000028       0x68 CMakeFiles/HW04_GPIO.dir/Src/main.c.obj
 .debug_aranges
                0x00000090       0xe0 CMakeFiles/HW04_GPIO.dir/Src/stm32f1xx_hal.c.obj
 .debug_aranges
                0x00000170       0x58 CMakeFiles/HW04_GPIO.dir/Src/stm32f1xx_hal_gpio.c.obj
 .debug_aranges
                0x000001c8       0x90 CMakeFiles/HW04_GPIO.dir/Src/stm32f1xx_hal_rcc.c.obj
 .debug_aranges
                0x00000258      0x100 CMakeFiles/HW04_GPIO.dir/Src/stm32f1xx_hal_cortex.c.obj
 .debug_aranges
                0x00000358       0x28 CMakeFiles/HW04_GPIO.dir/Src/system_stm32f1xx.c.obj

.debug_str      0x00000000    0x976db
 .debug_str     0x00000000    0x976db CMakeFiles/HW04_GPIO.dir/startup_stm32f103xb.s.obj
                                 0x92 (size before relaxing)
 .debug_str     0x000976db    0x96ade CMakeFiles/HW04_GPIO.dir/Src/main.c.obj
 .debug_str     0x000976db    0x96dd2 CMakeFiles/HW04_GPIO.dir/Src/stm32f1xx_hal.c.obj
 .debug_str     0x000976db    0x96a25 CMakeFiles/HW04_GPIO.dir/Src/stm32f1xx_hal_gpio.c.obj
 .debug_str     0x000976db    0x96ace CMakeFiles/HW04_GPIO.dir/Src/stm32f1xx_hal_rcc.c.obj
 .debug_str     0x000976db    0x96d1e CMakeFiles/HW04_GPIO.dir/Src/stm32f1xx_hal_cortex.c.obj
 .debug_str     0x000976db    0x966b7 CMakeFiles/HW04_GPIO.dir/Src/system_stm32f1xx.c.obj

.debug_rnglists
                0x00000000      0x289
 .debug_rnglists
                0x00000000       0x19 CMakeFiles/HW04_GPIO.dir/startup_stm32f103xb.s.obj
 .debug_rnglists
                0x00000019       0x4d CMakeFiles/HW04_GPIO.dir/Src/main.c.obj
 .debug_rnglists
                0x00000066       0xa3 CMakeFiles/HW04_GPIO.dir/Src/stm32f1xx_hal.c.obj
 .debug_rnglists
                0x00000109       0x3f CMakeFiles/HW04_GPIO.dir/Src/stm32f1xx_hal_gpio.c.obj
 .debug_rnglists
                0x00000148       0x6c CMakeFiles/HW04_GPIO.dir/Src/stm32f1xx_hal_rcc.c.obj
 .debug_rnglists
                0x000001b4       0xbb CMakeFiles/HW04_GPIO.dir/Src/stm32f1xx_hal_cortex.c.obj
 .debug_rnglists
                0x0000026f       0x1a CMakeFiles/HW04_GPIO.dir/Src/system_stm32f1xx.c.obj

.debug_macro    0x00000000    0x1866d
 .debug_macro   0x00000000      0x316 CMakeFiles/HW04_GPIO.dir/Src/main.c.obj
 .debug_macro   0x00000316      0xac6 CMakeFiles/HW04_GPIO.dir/Src/main.c.obj
 .debug_macro   0x00000ddc      0x2cd CMakeFiles/HW04_GPIO.dir/Src/main.c.obj
 .debug_macro   0x000010a9       0x2e CMakeFiles/HW04_GPIO.dir/Src/main.c.obj
 .debug_macro   0x000010d7       0x22 CMakeFiles/HW04_GPIO.dir/Src/main.c.obj
 .debug_macro   0x000010f9       0x22 CMakeFiles/HW04_GPIO.dir/Src/main.c.obj
 .debug_macro   0x0000111b       0x8e CMakeFiles/HW04_GPIO.dir/Src/main.c.obj
 .debug_macro   0x000011a9       0x51 CMakeFiles/HW04_GPIO.dir/Src/main.c.obj
 .debug_macro   0x000011fa      0x103 CMakeFiles/HW04_GPIO.dir/Src/main.c.obj
 .debug_macro   0x000012fd       0x6a CMakeFiles/HW04_GPIO.dir/Src/main.c.obj
 .debug_macro   0x00001367      0x1df CMakeFiles/HW04_GPIO.dir/Src/main.c.obj
 .debug_macro   0x00001546       0x1c CMakeFiles/HW04_GPIO.dir/Src/main.c.obj
 .debug_macro   0x00001562       0x22 CMakeFiles/HW04_GPIO.dir/Src/main.c.obj
 .debug_macro   0x00001584       0xbd CMakeFiles/HW04_GPIO.dir/Src/main.c.obj
 .debug_macro   0x00001641      0xd23 CMakeFiles/HW04_GPIO.dir/Src/main.c.obj
 .debug_macro   0x00002364     0xe09e CMakeFiles/HW04_GPIO.dir/Src/main.c.obj
 .debug_macro   0x00010402       0x6d CMakeFiles/HW04_GPIO.dir/Src/main.c.obj
 .debug_macro   0x0001046f     0x34a2 CMakeFiles/HW04_GPIO.dir/Src/main.c.obj
 .debug_macro   0x00013911      0x190 CMakeFiles/HW04_GPIO.dir/Src/main.c.obj
 .debug_macro   0x00013aa1       0x5c CMakeFiles/HW04_GPIO.dir/Src/main.c.obj
 .debug_macro   0x00013afd      0x5bc CMakeFiles/HW04_GPIO.dir/Src/main.c.obj
 .debug_macro   0x000140b9      0x289 CMakeFiles/HW04_GPIO.dir/Src/main.c.obj
 .debug_macro   0x00014342      0x1cb CMakeFiles/HW04_GPIO.dir/Src/main.c.obj
 .debug_macro   0x0001450d      0x114 CMakeFiles/HW04_GPIO.dir/Src/main.c.obj
 .debug_macro   0x00014621      0x1b2 CMakeFiles/HW04_GPIO.dir/Src/main.c.obj
 .debug_macro   0x000147d3       0x27 CMakeFiles/HW04_GPIO.dir/Src/main.c.obj
 .debug_macro   0x000147fa      0x136 CMakeFiles/HW04_GPIO.dir/Src/main.c.obj
 .debug_macro   0x00014930      0x1bc CMakeFiles/HW04_GPIO.dir/Src/main.c.obj
 .debug_macro   0x00014aec       0x34 CMakeFiles/HW04_GPIO.dir/Src/main.c.obj
 .debug_macro   0x00014b20       0x3c CMakeFiles/HW04_GPIO.dir/Src/main.c.obj
 .debug_macro   0x00014b5c      0x408 CMakeFiles/HW04_GPIO.dir/Src/main.c.obj
 .debug_macro   0x00014f64       0x57 CMakeFiles/HW04_GPIO.dir/Src/main.c.obj
 .debug_macro   0x00014fbb      0x46a CMakeFiles/HW04_GPIO.dir/Src/main.c.obj
 .debug_macro   0x00015425      0x1b5 CMakeFiles/HW04_GPIO.dir/Src/main.c.obj
 .debug_macro   0x000155da       0x22 CMakeFiles/HW04_GPIO.dir/Src/main.c.obj
 .debug_macro   0x000155fc       0x87 CMakeFiles/HW04_GPIO.dir/Src/main.c.obj
 .debug_macro   0x00015683      0x240 CMakeFiles/HW04_GPIO.dir/Src/main.c.obj
 .debug_macro   0x000158c3      0x287 CMakeFiles/HW04_GPIO.dir/Src/main.c.obj
 .debug_macro   0x00015b4a       0x78 CMakeFiles/HW04_GPIO.dir/Src/main.c.obj
 .debug_macro   0x00015bc2      0x140 CMakeFiles/HW04_GPIO.dir/Src/main.c.obj
 .debug_macro   0x00015d02      0x1ef CMakeFiles/HW04_GPIO.dir/Src/main.c.obj
 .debug_macro   0x00015ef1       0xeb CMakeFiles/HW04_GPIO.dir/Src/main.c.obj
 .debug_macro   0x00015fdc      0x217 CMakeFiles/HW04_GPIO.dir/Src/main.c.obj
 .debug_macro   0x000161f3      0x8ed CMakeFiles/HW04_GPIO.dir/Src/main.c.obj
 .debug_macro   0x00016ae0      0x28e CMakeFiles/HW04_GPIO.dir/Src/main.c.obj
 .debug_macro   0x00016d6e      0x217 CMakeFiles/HW04_GPIO.dir/Src/main.c.obj
 .debug_macro   0x00016f85      0x1a7 CMakeFiles/HW04_GPIO.dir/Src/main.c.obj
 .debug_macro   0x0001712c      0x2cd CMakeFiles/HW04_GPIO.dir/Src/main.c.obj
 .debug_macro   0x000173f9       0x8d CMakeFiles/HW04_GPIO.dir/Src/main.c.obj
 .debug_macro   0x00017486       0xb7 CMakeFiles/HW04_GPIO.dir/Src/main.c.obj
 .debug_macro   0x0001753d      0x242 CMakeFiles/HW04_GPIO.dir/Src/main.c.obj
 .debug_macro   0x0001777f       0x83 CMakeFiles/HW04_GPIO.dir/Src/main.c.obj
 .debug_macro   0x00017802      0x2e6 CMakeFiles/HW04_GPIO.dir/Src/stm32f1xx_hal.c.obj
 .debug_macro   0x00017ae8      0x32d CMakeFiles/HW04_GPIO.dir/Src/stm32f1xx_hal_gpio.c.obj
 .debug_macro   0x00017e15      0x2d4 CMakeFiles/HW04_GPIO.dir/Src/stm32f1xx_hal_rcc.c.obj
 .debug_macro   0x000180e9      0x2c2 CMakeFiles/HW04_GPIO.dir/Src/stm32f1xx_hal_cortex.c.obj
 .debug_macro   0x000183ab      0x2c2 CMakeFiles/HW04_GPIO.dir/Src/system_stm32f1xx.c.obj

.debug_frame    0x00000000      0xcc4
 .debug_frame   0x00000000      0x160 CMakeFiles/HW04_GPIO.dir/Src/main.c.obj
 .debug_frame   0x00000160      0x334 CMakeFiles/HW04_GPIO.dir/Src/stm32f1xx_hal.c.obj
 .debug_frame   0x00000494      0x14c CMakeFiles/HW04_GPIO.dir/Src/stm32f1xx_hal_gpio.c.obj
 .debug_frame   0x000005e0      0x218 CMakeFiles/HW04_GPIO.dir/Src/stm32f1xx_hal_rcc.c.obj
 .debug_frame   0x000007f8      0x428 CMakeFiles/HW04_GPIO.dir/Src/stm32f1xx_hal_cortex.c.obj
 .debug_frame   0x00000c20       0x58 CMakeFiles/HW04_GPIO.dir/Src/system_stm32f1xx.c.obj
 .debug_frame   0x00000c78       0x20 C:/PROGRA~2/ARMGNU~1/14EFD8~1.2RE/bin/../lib/gcc/arm-none-eabi/14.2.1/thumb/v7-m/nofp\libc_nano.a(libc_a-memset.o)
 .debug_frame   0x00000c98       0x2c C:/PROGRA~2/ARMGNU~1/14EFD8~1.2RE/bin/../lib/gcc/arm-none-eabi/14.2.1/thumb/v7-m/nofp\libc_nano.a(libc_a-init.o)
